Component: ARM Compiler 5.06 update 6 (build 750) Tool: armlink [4d35ed]

==============================================================================

Section Cross References

    startup_stm32f103xb.o(STACK) refers (Special) to heapauxi.o(.text) for __use_two_region_memory
    startup_stm32f103xb.o(HEAP) refers (Special) to heapauxi.o(.text) for __use_two_region_memory
    startup_stm32f103xb.o(RESET) refers (Special) to heapauxi.o(.text) for __use_two_region_memory
    startup_stm32f103xb.o(RESET) refers to startup_stm32f103xb.o(STACK) for __initial_sp
    startup_stm32f103xb.o(RESET) refers to startup_stm32f103xb.o(.text) for Reset_Handler
    startup_stm32f103xb.o(RESET) refers to stm32f1xx_it.o(i.NMI_Handler) for NMI_Handler
    startup_stm32f103xb.o(RESET) refers to stm32f1xx_it.o(i.HardFault_Handler) for HardFault_Handler
    startup_stm32f103xb.o(RESET) refers to stm32f1xx_it.o(i.MemManage_Handler) for MemManage_Handler
    startup_stm32f103xb.o(RESET) refers to stm32f1xx_it.o(i.BusFault_Handler) for BusFault_Handler
    startup_stm32f103xb.o(RESET) refers to stm32f1xx_it.o(i.UsageFault_Handler) for UsageFault_Handler
    startup_stm32f103xb.o(RESET) refers to stm32f1xx_it.o(i.SVC_Handler) for SVC_Handler
    startup_stm32f103xb.o(RESET) refers to stm32f1xx_it.o(i.DebugMon_Handler) for DebugMon_Handler
    startup_stm32f103xb.o(RESET) refers to stm32f1xx_it.o(i.PendSV_Handler) for PendSV_Handler
    startup_stm32f103xb.o(RESET) refers to stm32f1xx_it.o(i.SysTick_Handler) for SysTick_Handler
    startup_stm32f103xb.o(RESET) refers to stm32f1xx_it.o(i.USART1_IRQHandler) for USART1_IRQHandler
    startup_stm32f103xb.o(RESET) refers to stm32f1xx_it.o(i.USART2_IRQHandler) for USART2_IRQHandler
    startup_stm32f103xb.o(.text) refers (Special) to heapauxi.o(.text) for __use_two_region_memory
    startup_stm32f103xb.o(.text) refers to system_stm32f1xx.o(i.SystemInit) for SystemInit
    startup_stm32f103xb.o(.text) refers to __main.o(!!!main) for __main
    startup_stm32f103xb.o(.text) refers to startup_stm32f103xb.o(HEAP) for Heap_Mem
    startup_stm32f103xb.o(.text) refers to startup_stm32f103xb.o(STACK) for Stack_Mem
    main.o(i.HAL_UART_RxCpltCallback) refers to otaguess_stm32.o(i.receiveData_From_ESP32) for receiveData_From_ESP32
    main.o(i.HAL_UART_RxCpltCallback) refers to stm32f1xx_hal_uart.o(i.HAL_UART_Receive_IT) for HAL_UART_Receive_IT
    main.o(i.HAL_UART_RxCpltCallback) refers to main.o(.data) for .data
    main.o(i.HAL_UART_RxCpltCallback) refers to main.o(.bss) for .bss
    main.o(i.SystemClock_Config) refers to rt_memclr_w.o(.text) for __aeabi_memclr4
    main.o(i.SystemClock_Config) refers to stm32f1xx_hal_rcc.o(i.HAL_RCC_OscConfig) for HAL_RCC_OscConfig
    main.o(i.SystemClock_Config) refers to stm32f1xx_hal_rcc.o(i.HAL_RCC_ClockConfig) for HAL_RCC_ClockConfig
    main.o(i.main) refers to stm32f1xx_hal.o(i.HAL_Init) for HAL_Init
    main.o(i.main) refers to main.o(i.SystemClock_Config) for SystemClock_Config
    main.o(i.main) refers to stm32f1xx_hal_uart.o(i.HAL_UART_Init) for HAL_UART_Init
    main.o(i.main) refers to stm32f1xx_hal_uart.o(i.HAL_UART_Receive_IT) for HAL_UART_Receive_IT
    main.o(i.main) refers to otaguess_stm32.o(i.initMin) for initMin
    main.o(i.main) refers to response_cli.o(i.responseInit) for responseInit
    main.o(i.main) refers to flashstm32.o(i.Flash_read_int) for Flash_read_int
    main.o(i.main) refers to flashstm32.o(i.Flash_write_int) for Flash_write_int
    main.o(i.main) refers to otaguess_stm32.o(i.response_command_of_ESP32_handle) for response_command_of_ESP32_handle
    main.o(i.main) refers to main.o(.bss) for .bss
    main.o(i.main) refers to main.o(.data) for .data
    stm32f1xx_it.o(i.SysTick_Handler) refers to stm32f1xx_hal.o(i.HAL_IncTick) for HAL_IncTick
    stm32f1xx_it.o(i.USART1_IRQHandler) refers to stm32f1xx_hal_uart.o(i.HAL_UART_IRQHandler) for HAL_UART_IRQHandler
    stm32f1xx_it.o(i.USART1_IRQHandler) refers to main.o(.bss) for huart1
    stm32f1xx_it.o(i.USART2_IRQHandler) refers to stm32f1xx_hal_uart.o(i.HAL_UART_IRQHandler) for HAL_UART_IRQHandler
    stm32f1xx_it.o(i.USART2_IRQHandler) refers to main.o(.bss) for huart2
    stm32f1xx_hal_msp.o(i.HAL_UART_MspDeInit) refers to stm32f1xx_hal_gpio.o(i.HAL_GPIO_DeInit) for HAL_GPIO_DeInit
    stm32f1xx_hal_msp.o(i.HAL_UART_MspDeInit) refers to stm32f1xx_hal_cortex.o(i.HAL_NVIC_DisableIRQ) for HAL_NVIC_DisableIRQ
    stm32f1xx_hal_msp.o(i.HAL_UART_MspInit) refers to stm32f1xx_hal_gpio.o(i.HAL_GPIO_Init) for HAL_GPIO_Init
    stm32f1xx_hal_msp.o(i.HAL_UART_MspInit) refers to stm32f1xx_hal_cortex.o(i.HAL_NVIC_SetPriority) for HAL_NVIC_SetPriority
    stm32f1xx_hal_msp.o(i.HAL_UART_MspInit) refers to stm32f1xx_hal_cortex.o(i.HAL_NVIC_EnableIRQ) for HAL_NVIC_EnableIRQ
    stm32f1xx_hal_uart.o(i.HAL_HalfDuplex_Init) refers to stm32f1xx_hal_msp.o(i.HAL_UART_MspInit) for HAL_UART_MspInit
[...]
    .text                                    0x08000984   Section      100  rt_memcpy_w.o(.text)
    .text                                    0x080009e8   Section      138  lludiv10.o(.text)
    .text                                    0x08000a72   Section        0  _printf_intcommon.o(.text)
    .text                                    0x08000b24   Section        0  _printf_fp_dec.o(.text)
    _fp_digits                               0x08000b27   Thumb Code   432  _printf_fp_dec.o(.text)
    .text                                    0x08000f44   Section        0  _printf_fp_hex.o(.text)
    .text                                    0x08001240   Section        0  _printf_char.o(.text)
    .text                                    0x0800126c   Section        0  _printf_wchar.o(.text)
    .text                                    0x08001298   Section        0  _wcrtomb.o(.text)
    .text                                    0x080012d8   Section       74  sys_stackheap_outer.o(.text)
    .text                                    0x08001324   Section       16  rt_ctype_table.o(.text)
    .text                                    0x08001334   Section        8  rt_locale_intlibspace.o(.text)
    .text                                    0x0800133c   Section        0  _printf_fp_infnan.o(.text)
    .text                                    0x080013bc   Section        0  bigflt0.o(.text)
    .text                                    0x080014a0   Section        0  exit.o(.text)
    .text                                    0x080014b4   Section        8  libspace.o(.text)
    .text                                    0x080014bc   Section      128  strcmpv7m.o(.text)
    .text                                    0x0800153c   Section        0  sys_exit.o(.text)
    .text                                    0x08001548   Section        2  use_no_semi.o(.text)
    .text                                    0x0800154a   Section        0  indicate_semi.o(.text)
    CL$$btod_d2e                             0x0800154a   Section       62  btod.o(CL$$btod_d2e)
    CL$$btod_d2e_denorm_low                  0x08001588   Section       70  btod.o(CL$$btod_d2e_denorm_low)
    CL$$btod_d2e_norm_op1                    0x080015ce   Section       96  btod.o(CL$$btod_d2e_norm_op1)
    CL$$btod_div_common                      0x0800162e   Section      824  btod.o(CL$$btod_div_common)
    CL$$btod_e2e                             0x08001966   Section      220  btod.o(CL$$btod_e2e)
    CL$$btod_ediv                            0x08001a42   Section       42  btod.o(CL$$btod_ediv)
    CL$$btod_emul                            0x08001a6c   Section       42  btod.o(CL$$btod_emul)
    CL$$btod_mult_common                     0x08001a96   Section      580  btod.o(CL$$btod_mult_common)
    i.BusFault_Handler                       0x08001cda   Section        0  stm32f1xx_it.o(i.BusFault_Handler)
    i.DebugMon_Handler                       0x08001cdc   Section        0  stm32f1xx_it.o(i.DebugMon_Handler)
    i.FLASH_MassErase                        0x08001ce0   Section        0  stm32f1xx_hal_flash_ex.o(i.FLASH_MassErase)
    FLASH_MassErase                          0x08001ce1   Thumb Code    26  stm32f1xx_hal_flash_ex.o(i.FLASH_MassErase)
    i.FLASH_PageErase                        0x08001d04   Section        0  stm32f1xx_hal_flash_ex.o(i.FLASH_PageErase)
    i.FLASH_Program_HalfWord                 0x08001d28   Section        0  stm32f1xx_hal_flash.o(i.FLASH_Program_HalfWord)
    FLASH_Program_HalfWord                   0x08001d29   Thumb Code    20  stm32f1xx_hal_flash.o(i.FLASH_Program_HalfWord)
    i.FLASH_SetErrorCode                     0x08001d44   Section        0  stm32f1xx_hal_flash.o(i.FLASH_SetErrorCode)
    FLASH_SetErrorCode                       0x08001d45   Thumb Code    84  stm32f1xx_hal_flash.o(i.FLASH_SetErrorCode)
    i.FLASH_WaitForLastOperation             0x08001da0   Section        0  stm32f1xx_hal_flash.o(i.FLASH_WaitForLastOperation)
    i.Flash_erase                            0x08001df4   Section        0  flashstm32.o(i.Flash_erase)
    i.Flash_read_int                         0x08001e1c   Section        0  flashstm32.o(i.Flash_read_int)
    i.Flash_write_array                      0x08001e20   Section        0  flashstm32.o(i.Flash_write_array)
    i.Flash_write_int                        0x08001e84   Section        0  flashstm32.o(i.Flash_write_int)
    i.HAL_DMA_Abort                          0x08001ea2   Section        0  stm32f1xx_hal_dma.o(i.HAL_DMA_Abort)
    i.HAL_DMA_Abort_IT                       0x08001ee8   Section        0  stm32f1xx_hal_dma.o(i.HAL_DMA_Abort_IT)
    i.HAL_DeInit                             0x08001f80   Section        0  stm32f1xx_hal.o(i.HAL_DeInit)
    i.HAL_FLASHEx_Erase                      0x08001fa0   Section        0  stm32f1xx_hal_flash_ex.o(i.HAL_FLASHEx_Erase)
    i.HAL_FLASH_Lock                         0x08002048   Section        0  stm32f1xx_hal_flash.o(i.HAL_FLASH_Lock)
    i.HAL_FLASH_Program                      0x0800205c   Section        0  stm32f1xx_hal_flash.o(i.HAL_FLASH_Program)
    i.HAL_FLASH_Unlock                       0x080020dc   Section        0  stm32f1xx_hal_flash.o(i.HAL_FLASH_Unlock)
    i.HAL_GPIO_Init                          0x08002104   Section        0  stm32f1xx_hal_gpio.o(i.HAL_GPIO_Init)
    i.HAL_GetTick                            0x080022e4   Section        0  stm32f1xx_hal.o(i.HAL_GetTick)
    i.HAL_IncTick                            0x080022f0   Section        0  stm32f1xx_hal.o(i.HAL_IncTick)
    i.HAL_Init                               0x08002300   Section        0  stm32f1xx_hal.o(i.HAL_Init)
    i.HAL_InitTick                           0x08002324   Section        0  stm32f1xx_hal.o(i.HAL_InitTick)
    i.HAL_MspDeInit                          0x08002364   Section        0  stm32f1xx_hal.o(i.HAL_MspDeInit)
    i.HAL_MspInit                            0x08002368   Section        0  stm32f1xx_hal_msp.o(i.HAL_MspInit)
    i.HAL_NVIC_EnableIRQ                     0x080023a4   Section        0  stm32f1xx_hal_cortex.o(i.HAL_NVIC_EnableIRQ)
    i.HAL_NVIC_SetPriority                   0x080023c0   Section        0  stm32f1xx_hal_cortex.o(i.HAL_NVIC_SetPriority)
    i.HAL_NVIC_SetPriorityGrouping           0x08002400   Section        0  stm32f1xx_hal_cortex.o(i.HAL_NVIC_SetPriorityGrouping)
    i.HAL_RCC_ClockConfig                    0x08002424   Section        0  stm32f1xx_hal_rcc.o(i.HAL_RCC_ClockConfig)
    i.HAL_RCC_DeInit                         0x08002550   Section        0  stm32f1xx_hal_rcc.o(i.HAL_RCC_DeInit)
    i.HAL_RCC_GetPCLK1Freq                   0x0800262c   Section        0  stm32f1xx_hal_rcc.o(i.HAL_RCC_GetPCLK1Freq)
    i.HAL_RCC_GetPCLK2Freq                   0x0800264c   Section        0  stm32f1xx_hal_rcc.o(i.HAL_RCC_GetPCLK2Freq)
    i.HAL_RCC_GetSysClockFreq                0x0800266c   Section        0  stm32f1xx_hal_rcc.o(i.HAL_RCC_GetSysClockFreq)
    i.HAL_RCC_OscConfig                      0x080026b8   Section        0  stm32f1xx_hal_rcc.o(i.HAL_RCC_OscConfig)
    i.HAL_SYSTICK_Config                     0x080029d8   Section        0  stm32f1xx_hal_cortex.o(i.HAL_SYSTICK_Config)
    i.HAL_UARTEx_RxEventCallback             0x08002a00   Section        0  stm32f1xx_hal_uart.o(i.HAL_UARTEx_RxEventCallback)
    i.HAL_UART_ErrorCallback                 0x08002a02   Section        0  stm32f1xx_hal_uart.o(i.HAL_UART_ErrorCallback)
    i.HAL_UART_IRQHandler                    0x08002a04   Section        0  stm32f1xx_hal_uart.o(i.HAL_UART_IRQHandler)
    i.HAL_UART_Init                          0x08002c70   Section        0  stm32f1xx_hal_uart.o(i.HAL_UART_Init)
    i.HAL_UART_MspInit                       0x08002cd4   Section        0  stm32f1xx_hal_msp.o(i.HAL_UART_MspInit)
    i.HAL_UART_Receive_IT                    0x08002dac   Section        0  stm32f1xx_hal_uart.o(i.HAL_UART_Receive_IT)
    i.HAL_UART_RxCpltCallback                0x08002dc8   Section        0  main.o(i.HAL_UART_RxCpltCallback)
    i.HAL_UART_Transmit                      0x08002df8   Section        0  stm32f1xx_hal_uart.o(i.HAL_UART_Transmit)
    i.HAL_UART_TxCpltCallback                0x08002e98   Section        0  stm32f1xx_hal_uart.o(i.HAL_UART_TxCpltCallback)
    i.HardFault_Handler                      0x08002e9a   Section        0  stm32f1xx_it.o(i.HardFault_Handler)
    i.MemManage_Handler                      0x08002e9c   Section        0  stm32f1xx_it.o(i.MemManage_Handler)
    i.NMI_Handler                            0x08002e9e   Section        0  stm32f1xx_it.o(i.NMI_Handler)
    i.PendSV_Handler                         0x08002ea0   Section        0  stm32f1xx_it.o(i.PendSV_Handler)
    i.SVC_Handler                            0x08002ea2   Section        0  stm32f1xx_it.o(i.SVC_Handler)
    i.SysTick_Handler                        0x08002ea4   Section        0  stm32f1xx_it.o(i.SysTick_Handler)
    i.SystemClock_Config                     0x08002ea8   Section        0  main.o(i.SystemClock_Config)
    i.SystemInit                             0x08002f06   Section        0  system_stm32f1xx.o(i.SystemInit)
    i.UART_DMAAbortOnError                   0x08002f08   Section        0  stm32f1xx_hal_uart.o(i.UART_DMAAbortOnError)
    UART_DMAAbortOnError                     0x08002f09   Thumb Code    16  stm32f1xx_hal_uart.o(i.UART_DMAAbortOnError)
    i.UART_EndRxTransfer                     0x08002f18   Section        0  stm32f1xx_hal_uart.o(i.UART_EndRxTransfer)
    UART_EndRxTransfer                       0x08002f19   Thumb Code    78  stm32f1xx_hal_uart.o(i.UART_EndRxTransfer)
    i.UART_Receive_IT                        0x08002f66   Section        0  stm32f1xx_hal_uart.o(i.UART_Receive_IT)
    UART_Receive_IT                          0x08002f67   Thumb Code   194  stm32f1xx_hal_uart.o(i.UART_Receive_IT)
    i.UART_SetConfig                         0x08003028   Section        0  stm32f1xx_hal_uart.o(i.UART_SetConfig)
    UART_SetConfig                           0x08003029   Thumb Code   178  stm32f1xx_hal_uart.o(i.UART_SetConfig)
    i.UART_Start_Receive_IT                  0x080030e0   Section        0  stm32f1xx_hal_uart.o(i.UART_Start_Receive_IT)
    i.UART_WaitOnFlagUntilTimeout            0x08003116   Section        0  stm32f1xx_hal_uart.o(i.UART_WaitOnFlagUntilTimeout)
    UART_WaitOnFlagUntilTimeout              0x08003117   Thumb Code   114  stm32f1xx_hal_uart.o(i.UART_WaitOnFlagUntilTimeout)
    i.USART1_IRQHandler                      0x08003188   Section        0  stm32f1xx_it.o(i.USART1_IRQHandler)
    i.USART2_IRQHandler                      0x08003194   Section        0  stm32f1xx_it.o(i.USART2_IRQHandler)
    i.UsageFault_Handler                     0x080031a0   Section        0  stm32f1xx_it.o(i.UsageFault_Handler)
    i.__ARM_fpclassify                       0x080031a2   Section        0  fpclassify.o(i.__ARM_fpclassify)
    i.__NVIC_SetPriority                     0x080031ca   Section        0  stm32f1xx_hal_cortex.o(i.__NVIC_SetPriority)
    __NVIC_SetPriority                       0x080031cb   Thumb Code    32  stm32f1xx_hal_cortex.o(i.__NVIC_SetPriority)
    i._is_digit                              0x080031ea   Section        0  __printf_wp.o(i._is_digit)
    i.bootLoader_handler                     0x080031f8   Section        0  bootloader.o(i.bootLoader_handler)
    i.crc32_step                             0x08003228   Section        0  min.o(i.crc32_step)
    crc32_step                               0x08003229   Thumb Code    36  min.o(i.crc32_step)
    i.initMin                                0x08003250   Section        0  otaguess_stm32.o(i.initMin)
    i.main                                   0x08003260   Section        0  main.o(i.main)
    i.min_application_handler                0x08003320   Section        0  otaguess_stm32.o(i.min_application_handler)
    i.min_init_context                       0x080034ac   Section        0  min.o(i.min_init_context)
    i.min_poll                               0x080034d8   Section        0  min.o(i.min_poll)
    i.min_send_frame                         0x080035fc   Section        0  min.o(i.min_send_frame)
    i.min_time_ms                            0x08003632   Section        0  otaguess_stm32.o(i.min_time_ms)
    i.min_tx_byte                            0x08003638   Section        0  otaguess_stm32.o(i.min_tx_byte)
    i.min_tx_finished                        0x0800364c   Section        0  otaguess_stm32.o(i.min_tx_finished)
    i.min_tx_space                           0x0800364e   Section        0  otaguess_stm32.o(i.min_tx_space)
    i.min_tx_start                           0x08003654   Section        0  otaguess_stm32.o(i.min_tx_start)
    i.on_wire_bytes                          0x08003658   Section        0  min.o(i.on_wire_bytes)
    on_wire_bytes                            0x08003659   Thumb Code   208  min.o(i.on_wire_bytes)
    i.ota_send_response                      0x08003728   Section        0  otaguess_stm32.o(i.ota_send_response)
    i.receiveData_From_ESP32                 0x08003750   Section        0  otaguess_stm32.o(i.receiveData_From_ESP32)
    i.responseInit                           0x0800377c   Section        0  response_cli.o(i.responseInit)
    i.responsePrint                          0x08003788   Section        0  response_cli.o(i.responsePrint)
    i.response_command_of_ESP32_handle       0x080037b8   Section        0  otaguess_stm32.o(i.response_command_of_ESP32_handle)
    i.rx_byte                                0x080037cc   Section        0  min.o(i.rx_byte)
    rx_byte                                  0x080037cd   Thumb Code   306  min.o(i.rx_byte)
    i.send_ack                               0x08003900   Section        0  min.o(i.send_ack)
    send_ack                                 0x08003901   Thumb Code    50  min.o(i.send_ack)
    i.stuffed_tx_byte                        0x08003938   Section        0  min.o(i.stuffed_tx_byte)
    stuffed_tx_byte                          0x08003939   Thumb Code    66  min.o(i.stuffed_tx_byte)
    i.transport_fifo_reset                   0x0800397c   Section        0  min.o(i.transport_fifo_reset)
    transport_fifo_reset                     0x0800397d   Thumb Code    52  min.o(i.transport_fifo_reset)
    i.transport_fifo_send                    0x080039b4   Section        0  min.o(i.transport_fifo_send)
    transport_fifo_send                      0x080039b5   Thumb Code    38  min.o(i.transport_fifo_send)
    i.valid_frame_received                   0x080039e4   Section        0  min.o(i.valid_frame_received)
    valid_frame_received                     0x080039e5   Thumb Code   252  min.o(i.valid_frame_received)
    locale$$code                             0x08003ae4   Section       44  lc_numeric_c.o(locale$$code)
    locale$$code                             0x08003b10   Section       44  lc_ctype_c.o(locale$$code)
    x$fpl$printf1                            0x08003b3c   Section        4  printf1.o(x$fpl$printf1)
    x$fpl$printf2                            0x08003b40   Section        4  printf2.o(x$fpl$printf2)
    .constdata                               0x08003b44   Section       18  stm32f1xx_hal_rcc.o(.constdata)
    x$fpl$usenofp                            0x08003b44   Section        0  usenofp.o(x$fpl$usenofp)
    aPredivFactorTable                       0x08003b44   Data           2  stm32f1xx_hal_rcc.o(.constdata)
    aPLLMULFactorTable                       0x08003b46   Data          16  stm32f1xx_hal_rcc.o(.constdata)
    .constdata                               0x08003b56   Section       16  system_stm32f1xx.o(.constdata)
    .constdata                               0x08003b66   Section        8  system_stm32f1xx.o(.constdata)
    .constdata                               0x08003b70   Section        8  _printf_wctomb.o(.constdata)
    initial_mbstate                          0x08003b70   Data           8  _printf_wctomb.o(.constdata)
    .constdata                               0x08003b78   Section       40  _printf_hex_int_ll_ptr.o(.constdata)
    uc_hextab                                0x08003b78   Data          20  _printf_hex_int_ll_ptr.o(.constdata)
    lc_hextab                                0x08003b8c   Data          20  _printf_hex_int_ll_ptr.o(.constdata)
    .constdata                               0x08003ba0   Section       17  __printf_flags_ss_wp.o(.constdata)
    maptable                                 0x08003ba0   Data          17  __printf_flags_ss_wp.o(.constdata)
    .constdata                               0x08003bb1   Section       38  _printf_fp_hex.o(.constdata)
    lc_hextab                                0x08003bb1   Data          19  _printf_fp_hex.o(.constdata)
    uc_hextab                                0x08003bc4   Data          19  _printf_fp_hex.o(.constdata)
    .constdata                               0x08003bd8   Section      148  bigflt0.o(.constdata)
    tenpwrs_x                                0x08003bd8   Data          60  bigflt0.o(.constdata)
    tenpwrs_i                                0x08003c14   Data          64  bigflt0.o(.constdata)
    locale$$data                             0x08003c8c   Section       28  lc_numeric_c.o(locale$$data)
    __lcnum_c_name                           0x08003c90   Data           2  lc_numeric_c.o(locale$$data)
    __lcnum_c_start                          0x08003c98   Data           0  lc_numeric_c.o(locale$$data)
    __lcnum_c_point                          0x08003ca4   Data           0  lc_numeric_c.o(locale$$data)
    __lcnum_c_thousands                      0x08003ca6   Data           0  lc_numeric_c.o(locale$$data)
    __lcnum_c_grouping                       0x08003ca7   Data           0  lc_numeric_c.o(locale$$data)
    locale$$data                             0x08003ca8   Section      272  lc_ctype_c.o(locale$$data)
    __lcnum_c_end                            0x08003ca8   Data           0  lc_numeric_c.o(locale$$data)
    __lcctype_c_name                         0x08003cac   Data           2  lc_ctype_c.o(locale$$data)
    __lcctype_c_start                        0x08003cb4   Data           0  lc_ctype_c.o(locale$$data)
    __lcctype_c_end                          0x08003db8   Data           0  lc_ctype_c.o(locale$$data)
    .data                                    0x20000000   Section        1  main.o(.data)
    .data                                    0x20000004   Section       12  stm32f1xx_hal.o(.data)
    .data                                    0x20000010   Section        4  system_stm32f1xx.o(.data)
    .data                                    0x20000014   Section        4  response_cli.o(.data)
    .data                                    0x20000018   Section        4  min.o(.data)
    now                                      0x20000018   Data           4  min.o(.data)
    .data                                    0x2000001c   Section       16  otaguess_stm32.o(.data)
    .data                                    0x2000002c   Section        4  bootloader.o(.data)
    .bss                                     0x20000030   Section      660  main.o(.bss)
    .bss                                     0x200002c8   Section       32  stm32f1xx_hal_flash.o(.bss)
    .bss                                     0x200002e8   Section     1024  min.o(.bss)
    .bss                                     0x200006e8   Section       70  otaguess_stm32.o(.bss)
    .bss                                     0x20000730   Section       96  libspace.o(.bss)
    HEAP                                     0x20000790   Section      512  startup_stm32f103xb.o(HEAP)
    Heap_Mem                                 0x20000790   Data         512  startup_stm32f103xb.o(HEAP)
    STACK                                    0x20000990   Section     1024  startup_stm32f103xb.o(STACK)
    Stack_Mem                                0x20000990   Data        1024  startup_stm32f103xb.o(STACK)
    __initial_sp                             0x20000d90   Data           0  startup_stm32f103xb.o(STACK)

    Global Symbols

    Symbol Name                              Value     Ov Type        Size  Object(Section)

    BuildAttributes$$THM_ISAv4$P$D$K$B$S$PE$A:L22UL41UL21$X:L11$S22US41US21$IEEE1$IW$USESV6$~STKCKD$USESV7$~SHL$OTIME$ROPI$IEEEJ$EBA8$UX$STANDARDLIB$REQ8$PRES8$EABIv2 0x00000000   Number         0  anon$$obj.o ABSOLUTE
    __ARM_use_no_argv                        0x00000000   Number         0  main.o ABSOLUTE
    _printf_flags                            0x00000000   Number         0  printf_stubs.o ABSOLUTE
    _printf_return_value                     0x00000000   Number         0  printf_stubs.o ABSOLUTE
    _printf_sizespec                         0x00000000   Number         0  printf_stubs.o ABSOLUTE
    _printf_widthprec                        0x00000000   Number         0  printf_stubs.o ABSOLUTE
    __ARM_exceptions_init                     - Undefined Weak Reference
    __alloca_initialize                       - Undefined Weak Reference
    __arm_preinit_                            - Undefined Weak Reference
    __cpp_initialize__aeabi_                  - Undefined Weak Reference
    __cxa_finalize                            - Undefined Weak Reference
    __sigvec_lookup                           - Undefined Weak Reference
    _atexit_init                              - Undefined Weak Reference
    _call_atexit_fns                          - Undefined Weak Reference
    _clock_init                               - Undefined Weak Reference
    _fp_trap_init                             - Undefined Weak Reference
    _fp_trap_shutdown                         - Undefined Weak Reference
    _get_lc_collate                           - Undefined Weak Reference
    _get_lc_monetary                          - Undefined Weak Reference
    _get_lc_time                              - Undefined Weak Reference
    _getenv_init                              - Undefined Weak Reference
    _handle_redirection                       - Undefined Weak Reference
    _init_alloc                               - Undefined Weak Reference
    _init_user_alloc                          - Undefined Weak Reference
    _initio                                   - Undefined Weak Reference
    _printf_mbtowc                            - Undefined Weak Reference
    _printf_wc                                - Undefined Weak Reference
    _rand_init                                - Undefined Weak Reference
    _signal_finish                            - Undefined Weak Reference
    _signal_init                              - Undefined Weak Reference
    _terminate_alloc                          - Undefined Weak Reference
    _terminate_user_alloc                     - Undefined Weak Reference
    _terminateio                              - Undefined Weak Reference
    __Vectors_Size                           0x000000ec   Number         0  startup_stm32f103xb.o ABSOLUTE
    __Vectors                                0x08000000   Data           4  startup_stm32f103xb.o(RESET)
    __Vectors_End                            0x080000ec   Data           0  startup_stm32f103xb.o(RESET)
    __main                                   0x080000ed   Thumb Code     8  __main.o(!!!main)
    __scatterload                            0x080000f5   Thumb Code     0  __scatter.o(!!!scatter)
    __scatterload_rt2                        0x080000f5   Thumb Code    44  __scatter.o(!!!scatter)
    __scatterload_rt2_thumb_only             0x080000f5   Thumb Code     0  __scatter.o(!!!scatter)
    __scatterload_null                       0x08000103   Thumb Code     0  __scatter.o(!!!scatter)
    __scatterload_copy                       0x08000129   Thumb Code    26  __scatter_copy.o(!!handler_copy)
    __scatterload_zeroinit                   0x08000145   Thumb Code    28  __scatter_zi.o(!!handler_zi)
    _printf_n                                0x08000161   Thumb Code     0  _printf_n.o(.ARM.Collect$$_printf_percent$$00000001)
    _printf_percent                          0x08000161   Thumb Code     0  _printf_percent.o(.ARM.Collect$$_printf_percent$$00000000)
    _printf_p                                0x08000167   Thumb Code     0  _printf_p.o(.ARM.Collect$$_printf_percent$$00000002)
    _printf_f                                0x0800016d   Thumb Code     0  _printf_f.o(.ARM.Collect$$_printf_percent$$00000003)
    _printf_e                                0x08000173   Thumb Code     0  _printf_e.o(.ARM.Collect$$_printf_percent$$00000004)
    _printf_g                                0x08000179   Thumb Code     0  _printf_g.o(.ARM.Collect$$_printf_percent$$00000005)
    _printf_a                                0x0800017f   Thumb Code     0  _printf_a.o(.ARM.Collect$$_printf_percent$$00000006)
    _printf_ll                               0x08000185   Thumb Code     0  _printf_ll.o(.ARM.Collect$$_printf_percent$$00000007)
    _printf_i                                0x0800018f   Thumb Code     0  _printf_i.o(.ARM.Collect$$_printf_percent$$00000008)
    _printf_d                                0x08000195   Thumb Code     0  _printf_d.o(.ARM.Collect$$_printf_percent$$00000009)
    _printf_u                                0x0800019b   Thumb Code     0  _printf_u.o(.ARM.Collect$$_printf_percent$$0000000A)
    _printf_o                                0x080001a1   Thumb Code     0  _printf_o.o(.ARM.Collect$$_printf_percent$$0000000B)
    _printf_x                                0x080001a7   Thumb Code     0  _printf_x.o(.ARM.Collect$$_printf_percent$$0000000C)
    _printf_lli                              0x080001ad   Thumb Code     0  _printf_lli.o(.ARM.Collect$$_printf_percent$$0000000D)
    _printf_lld                              0x080001b3   Thumb Code     0  _printf_lld.o(.ARM.Collect$$_printf_percent$$0000000E)
    _printf_llu                              0x080001b9   Thumb Code     0  _printf_llu.o(.ARM.Collect$$_printf_percent$$0000000F)
    _printf_llo                              0x080001bf   Thumb Code     0  _printf_llo.o(.ARM.Collect$$_printf_percent$$00000010)
    _printf_llx                              0x080001c5   Thumb Code     0  _printf_llx.o(.ARM.Collect$$_printf_percent$$00000011)
    _printf_l                                0x080001cb   Thumb Code     0  _printf_l.o(.ARM.Collect$$_printf_percent$$00000012)
    _printf_c                                0x080001d5   Thumb Code     0  _printf_c.o(.ARM.Collect$$_printf_percent$$00000013)
    _printf_s                                0x080001db   Thumb Code     0  _printf_s.o(.ARM.Collect$$_printf_percent$$00000014)
    _printf_lc                               0x080001e1   Thumb Code     0  _printf_lc.o(.ARM.Collect$$_printf_percent$$00000015)
    _printf_ls                               0x080001e7   Thumb Code     0  _printf_ls.o(.ARM.Collect$$_printf_percent$$00000016)
    _printf_percent_end                      0x080001ed   Thumb Code     0  _printf_percent_end.o(.ARM.Collect$$_printf_percent$$00000017)
    __rt_lib_init                            0x080001f1   Thumb Code     0  libinit.o(.ARM.Collect$$libinit$$00000000)
    __rt_lib_init_fp_1                       0x080001f3   Thumb Code     0  libinit2.o(.ARM.Collect$$libinit$$00000002)
    __rt_lib_init_heap_1                     0x080001f3   Thumb Code     0  libinit2.o(.ARM.Collect$$libinit$$0000000A)
    __rt_lib_init_lc_common                  0x080001f3   Thumb Code     0  libinit2.o(.ARM.Collect$$libinit$$0000000F)
    __rt_lib_init_preinit_1                  0x080001f3   Thumb Code     0  libinit2.o(.ARM.Collect$$libinit$$00000004)
    __rt_lib_init_rand_1                     0x080001f3   Thumb Code     0  libinit2.o(.ARM.Collect$$libinit$$0000000E)
    __rt_lib_init_user_alloc_1               0x080001f3   Thumb Code     0  libinit2.o(.ARM.Collect$$libinit$$0000000C)
    __rt_lib_init_lc_collate_1               0x080001f9   Thumb Code     0  libinit2.o(.ARM.Collect$$libinit$$00000011)
    __rt_lib_init_lc_ctype_2                 0x080001f9   Thumb Code     0  libinit2.o(.ARM.Collect$$libinit$$00000012)
    __rt_lib_init_lc_ctype_1                 0x08000205   Thumb Code     0  libinit2.o(.ARM.Collect$$libinit$$00000013)
    __rt_lib_init_lc_monetary_1              0x08000205   Thumb Code     0  libinit2.o(.ARM.Collect$$libinit$$00000015)
    __rt_lib_init_lc_numeric_2               0x08000205   Thumb Code     0  libinit2.o(.ARM.Collect$$libinit$$00000016)
    __rt_lib_init_alloca_1                   0x0800020f   Thumb Code     0  libinit2.o(.ARM.Collect$$libinit$$0000002E)
    __rt_lib_init_argv_1                     0x0800020f   Thumb Code     0  libinit2.o(.ARM.Collect$$libinit$$0000002C)
    __rt_lib_init_atexit_1                   0x0800020f   Thumb Code     0  libinit2.o(.ARM.Collect$$libinit$$0000001B)
    __rt_lib_init_clock_1                    0x0800020f   Thumb Code     0  libinit2.o(.ARM.Collect$$libinit$$00000021)
    __rt_lib_init_cpp_1                      0x0800020f   Thumb Code     0  libinit2.o(.ARM.Collect$$libinit$$00000032)
    __rt_lib_init_exceptions_1               0x0800020f   Thumb Code     0  libinit2.o(.ARM.Collect$$libinit$$00000030)
    __rt_lib_init_fp_trap_1                  0x0800020f   Thumb Code     0  libinit2.o(.ARM.Collect$$libinit$$0000001F)
    __rt_lib_init_getenv_1                   0x0800020f   Thumb Code     0  libinit2.o(.ARM.Collect$$libinit$$00000023)
    __rt_lib_init_lc_numeric_1               0x0800020f   Thumb Code     0  libinit2.o(.ARM.Collect$$libinit$$00000017)
    __rt_lib_init_lc_time_1                  0x0800020f   Thumb Code     0  libinit2.o(.ARM.Collect$$libinit$$00000019)
    __rt_lib_init_return                     0x0800020f   Thumb Code     0  libinit2.o(.ARM.Collect$$libinit$$00000033)
    __rt_lib_init_signal_1                   0x0800020f   Thumb Code     0  libinit2.o(.ARM.Collect$$libinit$$0000001D)
    __rt_lib_init_stdio_1                    0x0800020f   Thumb Code     0  libinit2.o(.ARM.Collect$$libinit$$00000025)
    __rt_lib_shutdown                        0x08000211   Thumb Code     0  libshutdown.o(.ARM.Collect$$libshutdown$$00000000)
    __rt_lib_shutdown_cpp_1                  0x08000213   Thumb Code     0  libshutdown2.o(.ARM.Collect$$libshutdown$$00000002)
    __rt_lib_shutdown_fp_trap_1              0x08000213   Thumb Code     0  libshutdown2.o(.ARM.Collect$$libshutdown$$00000007)
    __rt_lib_shutdown_heap_1                 0x08000213   Thumb Code     0  libshutdown2.o(.ARM.Collect$$libshutdown$$0000000F)
    __rt_lib_shutdown_return                 0x08000213   Thumb Code     0  libshutdown2.o(.ARM.Collect$$libshutdown$$00000010)
    __rt_lib_shutdown_signal_1               0x08000213   Thumb Code     0  libshutdown2.o(.ARM.Collect$$libshutdown$$0000000A)
    __rt_lib_shutdown_stdio_1                0x08000213   Thumb Code     0  libshutdown2.o(.ARM.Collect$$libshutdown$$00000004)
    __rt_lib_shutdown_user_alloc_1           0x08000213   Thumb Code     0  libshutdown2.o(.ARM.Collect$$libshutdown$$0000000C)
    __rt_entry                               0x08000215   Thumb Code     0  __rtentry.o(.ARM.Collect$$rtentry$$00000000)
    __rt_entry_presh_1                       0x08000215   Thumb Code     0  __rtentry2.o(.ARM.Collect$$rtentry$$00000002)
    __rt_entry_sh                            0x08000215   Thumb Code     0  __rtentry4.o(.ARM.Collect$$rtentry$$00000004)
    __rt_entry_li                            0x0800021b   Thumb Code     0  __rtentry2.o(.ARM.Collect$$rtentry$$0000000A)
    __rt_entry_postsh_1                      0x0800021b   Thumb Code     0  __rtentry2.o(.ARM.Collect$$rtentry$$00000009)
    __rt_entry_main                          0x0800021f   Thumb Code     0  __rtentry2.o(.ARM.Collect$$rtentry$$0000000D)
    __rt_entry_postli_1                      0x0800021f   Thumb Code     0  __rtentry2.o(.ARM.Collect$$rtentry$$0000000C)
    __rt_exit                                0x08000227   Thumb Code     0  rtexit.o(.ARM.Collect$$rtexit$$00000000)
    __rt_exit_ls                             0x08000229   Thumb Code     0  rtexit2.o(.ARM.Collect$$rtexit$$00000003)
    __rt_exit_prels_1                        0x08000229   Thumb Code     0  rtexit2.o(.ARM.Collect$$rtexit$$00000002)
    __rt_exit_exit                           0x0800022d   Thumb Code     0  rtexit2.o(.ARM.Collect$$rtexit$$00000004)
    Reset_Handler                            0x08000235   Thumb Code     8  startup_stm32f103xb.o(.text)
    ADC1_2_IRQHandler                        0x0800024f   Thumb Code     0  startup_stm32f103xb.o(.text)
    CAN1_RX1_IRQHandler                      0x0800024f   Thumb Code     0  startup_stm32f103xb.o(.text)
    CAN1_SCE_IRQHandler                      0x0800024f   Thumb Code     0  startup_stm32f103xb.o(.text)
    DMA1_Channel1_IRQHandler                 0x0800024f   Thumb Code     0  startup_stm32f103xb.o(.text)
    DMA1_Channel2_IRQHandler                 0x0800024f   Thumb Code     0  startup_stm32f103xb.o(.text)
    DMA1_Channel3_IRQHandler                 0x0800024f   Thumb Code     0  startup_stm32f103xb.o(.text)
    DMA1_Channel4_IRQHandler                 0x0800024f   Thumb Code     0  startup_stm32f103xb.o(.text)
    DMA1_Channel5_IRQHandler                 0x0800024f   Thumb Code     0  startup_stm32f103xb.o(.text)
    DMA1_Channel6_IRQHandler                 0x0800024f   Thumb Code     0  startup_stm32f103xb.o(.text)
    DMA1_Channel7_IRQHandler                 0x0800024f   Thumb Code     0  startup_stm32f103xb.o(.text)
    EXTI0_IRQHandler                         0x0800024f   Thumb Code     0  startup_stm32f103xb.o(.text)
    EXTI15_10_IRQHandler                     0x0800024f   Thumb Code     0  startup_stm32f103xb.o(.text)
    EXTI1_IRQHandler                         0x0800024f   Thumb Code     0  startup_stm32f103xb.o(.text)
    EXTI2_IRQHandler                         0x0800024f   Thumb Code     0  startup_stm32f103xb.o(.text)
    EXTI3_IRQHandler                         0x0800024f   Thumb Code     0  startup_stm32f103xb.o(.text)
    EXTI4_IRQHandler                         0x0800024f   Thumb Code     0  startup_stm32f103xb.o(.text)
    EXTI9_5_IRQHandler                       0x0800024f   Thumb Code     0  startup_stm32f103xb.o(.text)
    FLASH_IRQHandler                         0x0800024f   Thumb Code     0  startup_stm32f103xb.o(.text)
    I2C1_ER_IRQHandler                       0x0800024f   Thumb Code     0  startup_stm32f103xb.o(.text)
    I2C1_EV_IRQHandler                       0x0800024f   Thumb Code     0  startup_stm32f103xb.o(.text)
    I2C2_ER_IRQHandler                       0x0800024f   Thumb Code     0  startup_stm32f103xb.o(.text)
    I2C2_EV_IRQHandler                       0x0800024f   Thumb Code     0  startup_stm32f103xb.o(.text)
    PVD_IRQHandler                           0x0800024f   Thumb Code     0  startup_stm32f103xb.o(.text)
    RCC_IRQHandler                           0x0800024f   Thumb Code     0  startup_stm32f103xb.o(.text)
    RTC_Alarm_IRQHandler                     0x0800024f   Thumb Code     0  startup_stm32f103xb.o(.text)
    RTC_IRQHandler                           0x0800024f   Thumb Code     0  startup_stm32f103xb.o(.text)
    SPI1_IRQHandler                          0x0800024f   Thumb Code     0  startup_stm32f103xb.o(.text)
    SPI2_IRQHandler                          0x0800024f   Thumb Code     0  startup_stm32f103xb.o(.text)
    TAMPER_IRQHandler                        0x0800024f   Thumb Code     0  startup_stm32f103xb.o(.text)
    TIM1_BRK_IRQHandler                      0x0800024f   Thumb Code     0  startup_stm32f103xb.o(.text)
    TIM1_CC_IRQHandler                       0x0800024f   Thumb Code     0  startup_stm32f103xb.o(.text)
    TIM1_TRG_COM_IRQHandler                  0x0800024f   Thumb Code     0  startup_stm32f103xb.o(.text)
    TIM1_UP_IRQHandler                       0x0800024f   Thumb Code     0  startup_stm32f103xb.o(.text)
    TIM2_IRQHandler                          0x0800024f   Thumb Code     0  startup_stm32f103xb.o(.text)
    TIM3_IRQHandler                          0x0800024f   Thumb Code     0  startup_stm32f103xb.o(.text)
    TIM4_IRQHandler                          0x0800024f   Thumb Code     0  startup_stm32f103xb.o(.text)
    USART3_IRQHandler                        0x0800024f   Thumb Code     0  startup_stm32f103xb.o(.text)
    USBWakeUp_IRQHandler                     0x0800024f   Thumb Code     0  startup_stm32f103xb.o(.text)
    USB_HP_CAN1_TX_IRQHandler                0x0800024f   Thumb Code     0  startup_stm32f103xb.o(.text)
    USB_LP_CAN1_RX0_IRQHandler               0x0800024f   Thumb Code     0  startup_stm32f103xb.o(.text)
    WWDG_IRQHandler                          0x0800024f   Thumb Code     0  startup_stm32f103xb.o(.text)
    __user_initial_stackheap                 0x08000251   Thumb Code     0  startup_stm32f103xb.o(.text)
    __aeabi_llsr                             0x08000275   Thumb Code     0  llushr.o(.text)
    _ll_ushift_r                             0x08000275   Thumb Code    38  llushr.o(.text)
    vsprintf                                 0x0800029d   Thumb Code    32  vsprintf.o(.text)
    strlen                                   0x080002c1   Thumb Code    62  strlen.o(.text)
    __aeabi_memcpy                           0x080002ff   Thumb Code     0  rt_memcpy_v6.o(.text)
    __rt_memcpy                              0x080002ff   Thumb Code   138  rt_memcpy_v6.o(.text)
    _memcpy_lastbytes                        0x08000365   Thumb Code     0  rt_memcpy_v6.o(.text)
    __aeabi_memclr                           0x08000389   Thumb Code     0  rt_memclr.o(.text)
    __rt_memclr                              0x08000389   Thumb Code    68  rt_memclr.o(.text)
    _memset                                  0x0800038d   Thumb Code     0  rt_memclr.o(.text)
    __aeabi_memclr4                          0x080003cd   Thumb Code     0  rt_memclr_w.o(.text)
    __aeabi_memclr8                          0x080003cd   Thumb Code     0  rt_memclr_w.o(.text)
    __rt_memclr_w                            0x080003cd   Thumb Code    78  rt_memclr_w.o(.text)
    _memset_w                                0x080003d1   Thumb Code     0  rt_memclr_w.o(.text)
    __use_two_region_memory                  0x0800041b   Thumb Code     2  heapauxi.o(.text)
    __rt_heap_escrow$2region                 0x0800041d   Thumb Code     2  heapauxi.o(.text)
    __rt_heap_expand$2region                 0x0800041f   Thumb Code     2  heapauxi.o(.text)
    _printf_pre_padding                      0x08000421   Thumb Code    44  _printf_pad.o(.text)
    _printf_post_padding                     0x0800044d   Thumb Code    34  _printf_pad.o(.text)
    _printf_truncate_signed                  0x0800046f   Thumb Code    18  _printf_truncate.o(.text)
    _printf_truncate_unsigned                0x08000481   Thumb Code    18  _printf_truncate.o(.text)
    _printf_str                              0x08000493   Thumb Code    82  _printf_str.o(.text)
    _printf_int_dec                          0x080004e5   Thumb Code   104  _printf_dec.o(.text)
    _printf_charcount                        0x0800055d   Thumb Code    40  _printf_charcount.o(.text)
    _printf_char_common                      0x0800058f   Thumb Code    32  _printf_char_common.o(.text)
    _sputc                                   0x080005b5   Thumb Code    10  _sputc.o(.text)
    _printf_wctomb                           0x080005c1   Thumb Code   182  _printf_wctomb.o(.text)
    _printf_longlong_dec                     0x0800067d   Thumb Code   108  _printf_longlong_dec.o(.text)
    _printf_longlong_oct                     0x080006f9   Thumb Code    66  _printf_oct_int_ll.o(.text)
    _printf_int_oct                          0x0800073b   Thumb Code    24  _printf_oct_int_ll.o(.text)
    _printf_ll_oct                           0x08000753   Thumb Code    12  _printf_oct_int_ll.o(.text)
    _printf_longlong_hex                     0x08000769   Thumb Code    86  _printf_hex_int_ll_ptr.o(.text)
    _printf_int_hex                          0x080007bf   Thumb Code    28  _printf_hex_int_ll_ptr.o(.text)
    _printf_ll_hex                           0x080007db   Thumb Code    12  _printf_hex_int_ll_ptr.o(.text)
    _printf_hex_ptr                          0x080007e7   Thumb Code    18  _printf_hex_int_ll_ptr.o(.text)
    __printf                                 0x080007fd   Thumb Code   388  __printf_flags_ss_wp.o(.text)
    __aeabi_memcpy4                          0x08000985   Thumb Code     0  rt_memcpy_w.o(.text)
    __aeabi_memcpy8                          0x08000985   Thumb Code     0  rt_memcpy_w.o(.text)
    __rt_memcpy_w                            0x08000985   Thumb Code   100  rt_memcpy_w.o(.text)
    _memcpy_lastbytes_aligned                0x080009cd   Thumb Code     0  rt_memcpy_w.o(.text)
    _ll_udiv10                               0x080009e9   Thumb Code   138  lludiv10.o(.text)
    _printf_int_common                       0x08000a73   Thumb Code   178  _printf_intcommon.o(.text)
    __lib_sel_fp_printf                      0x08000b25   Thumb Code     2  _printf_fp_dec.o(.text)
    _printf_fp_dec_real                      0x08000cd7   Thumb Code   620  _printf_fp_dec.o(.text)
    _printf_fp_hex_real                      0x08000f45   Thumb Code   756  _printf_fp_hex.o(.text)
    _printf_cs_common                        0x08001241   Thumb Code    20  _printf_char.o(.text)
    _printf_char                             0x08001255   Thumb Code    16  _printf_char.o(.text)
    _printf_string                           0x08001265   Thumb Code     8  _printf_char.o(.text)
    _printf_lcs_common                       0x0800126d   Thumb Code    20  _printf_wchar.o(.text)
    _printf_wchar                            0x08001281   Thumb Code    16  _printf_wchar.o(.text)
    _printf_wstring                          0x08001291   Thumb Code     8  _printf_wchar.o(.text)
    _wcrtomb                                 0x08001299   Thumb Code    64  _wcrtomb.o(.text)
    __user_setup_stackheap                   0x080012d9   Thumb Code    74  sys_stackheap_outer.o(.text)
    __rt_ctype_table                         0x08001325   Thumb Code    16  rt_ctype_table.o(.text)
    __rt_locale                              0x08001335   Thumb Code     8  rt_locale_intlibspace.o(.text)
    _printf_fp_infnan                        0x0800133d   Thumb Code   112  _printf_fp_infnan.o(.text)
    _btod_etento                             0x080013bd   Thumb Code   224  bigflt0.o(.text)
    exit                                     0x080014a1   Thumb Code    18  exit.o(.text)
    __user_libspace                          0x080014b5   Thumb Code     8  libspace.o(.text)
    __user_perproc_libspace                  0x080014b5   Thumb Code     0  libspace.o(.text)
    __user_perthread_libspace                0x080014b5   Thumb Code     0  libspace.o(.text)
    strcmp                                   0x080014bd   Thumb Code   128  strcmpv7m.o(.text)
    _sys_exit                                0x0800153d   Thumb Code     8  sys_exit.o(.text)
    __I$use$semihosting                      0x08001549   Thumb Code     0  use_no_semi.o(.text)
    __use_no_semihosting_swi                 0x08001549   Thumb Code     2  use_no_semi.o(.text)
    __semihosting_library_function           0x0800154b   Thumb Code     0  indicate_semi.o(.text)
    _btod_d2e                                0x0800154b   Thumb Code    62  btod.o(CL$$btod_d2e)
    _d2e_denorm_low                          0x08001589   Thumb Code    70  btod.o(CL$$btod_d2e_denorm_low)
    _d2e_norm_op1                            0x080015cf   Thumb Code    96  btod.o(CL$$btod_d2e_norm_op1)
    __btod_div_common                        0x0800162f   Thumb Code   696  btod.o(CL$$btod_div_common)
    _e2e                                     0x08001967   Thumb Code   220  btod.o(CL$$btod_e2e)
    _btod_ediv                               0x08001a43   Thumb Code    42  btod.o(CL$$btod_ediv)
    _btod_emul                               0x08001a6d   Thumb Code    42  btod.o(CL$$btod_emul)
    __btod_mult_common                       0x08001a97   Thumb Code   580  btod.o(CL$$btod_mult_common)
    BusFault_Handler                         0x08001cdb   Thumb Code     2  stm32f1xx_it.o(i.BusFault_Handler)
    DebugMon_Handler                         0x08001cdd   Thumb Code     2  stm32f1xx_it.o(i.DebugMon_Handler)
    FLASH_PageErase                          0x08001d05   Thumb Code    28  stm32f1xx_hal_flash_ex.o(i.FLASH_PageErase)
    FLASH_WaitForLastOperation               0x08001da1   Thumb Code    80  stm32f1xx_hal_flash.o(i.FLASH_WaitForLastOperation)
    Flash_erase                              0x08001df5   Thumb Code    40  flashstm32.o(i.Flash_erase)
    Flash_read_int                           0x08001e1d   Thumb Code     4  flashstm32.o(i.Flash_read_int)
    Flash_write_array                        0x08001e21   Thumb Code    78  flashstm32.o(i.Flash_write_array)
    Flash_write_int                          0x08001e85   Thumb Code    30  flashstm32.o(i.Flash_write_int)
    HAL_DMA_Abort                            0x08001ea3   Thumb Code    70  stm32f1xx_hal_dma.o(i.HAL_DMA_Abort)
    HAL_DMA_Abort_IT                         0x08001ee9   Thumb Code   148  stm32f1xx_hal_dma.o(i.HAL_DMA_Abort_IT)
    HAL_DeInit                               0x08001f81   Thumb Code    26  stm32f1xx_hal.o(i.HAL_DeInit)
    HAL_FLASHEx_Erase                        0x08001fa1   Thumb Code   160  stm32f1xx_hal_flash_ex.o(i.HAL_FLASHEx_Erase)
    HAL_FLASH_Lock                           0x08002049   Thumb Code    14  stm32f1xx_hal_flash.o(i.HAL_FLASH_Lock)
    HAL_FLASH_Program                        0x0800205d   Thumb Code   120  stm32f1xx_hal_flash.o(i.HAL_FLASH_Program)
    HAL_FLASH_Unlock                         0x080020dd   Thumb Code    28  stm32f1xx_hal_flash.o(i.HAL_FLASH_Unlock)
    HAL_GPIO_Init                            0x08002105   Thumb Code   446  stm32f1xx_hal_gpio.o(i.HAL_GPIO_Init)
    HAL_GetTick                              0x080022e5   Thumb Code     6  stm32f1xx_hal.o(i.HAL_GetTick)
    HAL_IncTick                              0x080022f1   Thumb Code    12  stm32f1xx_hal.o(i.HAL_IncTick)
    HAL_Init                                 0x08002301   Thumb Code    32  stm32f1xx_hal.o(i.HAL_Init)
    HAL_InitTick                             0x08002325   Thumb Code    54  stm32f1xx_hal.o(i.HAL_InitTick)
    HAL_MspDeInit                            0x08002365   Thumb Code     2  stm32f1xx_hal.o(i.HAL_MspDeInit)
    HAL_MspInit                              0x08002369   Thumb Code    52  stm32f1xx_hal_msp.o(i.HAL_MspInit)
    HAL_NVIC_EnableIRQ                       0x080023a5   Thumb Code    26  stm32f1xx_hal_cortex.o(i.HAL_NVIC_EnableIRQ)
    HAL_NVIC_SetPriority                     0x080023c1   Thumb Code    60  stm32f1xx_hal_cortex.o(i.HAL_NVIC_SetPriority)
    HAL_NVIC_SetPriorityGrouping             0x08002401   Thumb Code    26  stm32f1xx_hal_cortex.o(i.HAL_NVIC_SetPriorityGrouping)
    HAL_RCC_ClockConfig                      0x08002425   Thumb Code   280  stm32f1xx_hal_rcc.o(i.HAL_RCC_ClockConfig)
    HAL_RCC_DeInit                           0x08002551   Thumb Code   202  stm32f1xx_hal_rcc.o(i.HAL_RCC_DeInit)
    HAL_RCC_GetPCLK1Freq                     0x0800262d   Thumb Code    20  stm32f1xx_hal_rcc.o(i.HAL_RCC_GetPCLK1Freq)
    HAL_RCC_GetPCLK2Freq                     0x0800264d   Thumb Code    20  stm32f1xx_hal_rcc.o(i.HAL_RCC_GetPCLK2Freq)
    HAL_RCC_GetSysClockFreq                  0x0800266d   Thumb Code    58  stm32f1xx_hal_rcc.o(i.HAL_RCC_GetSysClockFreq)
    HAL_RCC_OscConfig                        0x080026b9   Thumb Code   778  stm32f1xx_hal_rcc.o(i.HAL_RCC_OscConfig)
    HAL_SYSTICK_Config                       0x080029d9   Thumb Code    40  stm32f1xx_hal_cortex.o(i.HAL_SYSTICK_Config)
    HAL_UARTEx_RxEventCallback               0x08002a01   Thumb Code     2  stm32f1xx_hal_uart.o(i.HAL_UARTEx_RxEventCallback)
    HAL_UART_ErrorCallback                   0x08002a03   Thumb Code     2  stm32f1xx_hal_uart.o(i.HAL_UART_ErrorCallback)
    HAL_UART_IRQHandler                      0x08002a05   Thumb Code   616  stm32f1xx_hal_uart.o(i.HAL_UART_IRQHandler)
    HAL_UART_Init                            0x08002c71   Thumb Code   100  stm32f1xx_hal_uart.o(i.HAL_UART_Init)
    HAL_UART_MspInit                         0x08002cd5   Thumb Code   198  stm32f1xx_hal_msp.o(i.HAL_UART_MspInit)
    HAL_UART_Receive_IT                      0x08002dad   Thumb Code    28  stm32f1xx_hal_uart.o(i.HAL_UART_Receive_IT)
    HAL_UART_RxCpltCallback                  0x08002dc9   Thumb Code    34  main.o(i.HAL_UART_RxCpltCallback)
    HAL_UART_Transmit                        0x08002df9   Thumb Code   160  stm32f1xx_hal_uart.o(i.HAL_UART_Transmit)
    HAL_UART_TxCpltCallback                  0x08002e99   Thumb Code     2  stm32f1xx_hal_uart.o(i.HAL_UART_TxCpltCallback)
    HardFault_Handler                        0x08002e9b   Thumb Code     2  stm32f1xx_it.o(i.HardFault_Handler)
    MemManage_Handler                        0x08002e9d   Thumb Code     2  stm32f1xx_it.o(i.MemManage_Handler)
    NMI_Handler                              0x08002e9f   Thumb Code     2  stm32f1xx_it.o(i.NMI_Handler)
    PendSV_Handler                           0x08002ea1   Thumb Code     2  stm32f1xx_it.o(i.PendSV_Handler)
    SVC_Handler                              0x08002ea3   Thumb Code     2  stm32f1xx_it.o(i.SVC_Handler)
    SysTick_Handler                          0x08002ea5   Thumb Code     4  stm32f1xx_it.o(i.SysTick_Handler)
    SystemClock_Config                       0x08002ea9   Thumb Code    94  main.o(i.SystemClock_Config)
    SystemInit                               0x08002f07   Thumb Code     2  system_stm32f1xx.o(i.SystemInit)
    UART_Start_Receive_IT                    0x080030e1   Thumb Code    54  stm32f1xx_hal_uart.o(i.UART_Start_Receive_IT)
    USART1_IRQHandler                        0x08003189   Thumb Code     6  stm32f1xx_it.o(i.USART1_IRQHandler)
    USART2_IRQHandler                        0x08003195   Thumb Code     6  stm32f1xx_it.o(i.USART2_IRQHandler)
    UsageFault_Handler                       0x080031a1   Thumb Code     2  stm32f1xx_it.o(i.UsageFault_Handler)
    __ARM_fpclassify                         0x080031a3   Thumb Code    40  fpclassify.o(i.__ARM_fpclassify)
    _is_digit                                0x080031eb   Thumb Code    14  __printf_wp.o(i._is_digit)
    bootLoader_handler                       0x080031f9   Thumb Code    40  bootloader.o(i.bootLoader_handler)
    initMin                                  0x08003251   Thumb Code    10  otaguess_stm32.o(i.initMin)
    main                                     0x08003261   Thumb Code   166  main.o(i.main)
    min_application_handler                  0x08003321   Thumb Code   340  otaguess_stm32.o(i.min_application_handler)
    min_init_context                         0x080034ad   Thumb Code    42  min.o(i.min_init_context)
    min_poll                                 0x080034d9   Thumb Code   288  min.o(i.min_poll)
    min_send_frame                           0x080035fd   Thumb Code    54  min.o(i.min_send_frame)
    min_time_ms                              0x08003633   Thumb Code     4  otaguess_stm32.o(i.min_time_ms)
    min_tx_byte                              0x08003639   Thumb Code    14  otaguess_stm32.o(i.min_tx_byte)
    min_tx_finished                          0x0800364d   Thumb Code     2  otaguess_stm32.o(i.min_tx_finished)
    min_tx_space                             0x0800364f   Thumb Code     6  otaguess_stm32.o(i.min_tx_space)
    min_tx_start                             0x08003655   Thumb Code     2  otaguess_stm32.o(i.min_tx_start)
    ota_send_response                        0x08003729   Thumb Code    34  otaguess_stm32.o(i.ota_send_response)
    receiveData_From_ESP32                   0x08003751   Thumb Code    34  otaguess_stm32.o(i.receiveData_From_ESP32)
    responseInit                             0x0800377d   Thumb Code     6  response_cli.o(i.responseInit)
    responsePrint                            0x08003789   Thumb Code    42  response_cli.o(i.responsePrint)
    response_command_of_ESP32_handle         0x080037b9   Thumb Code    12  otaguess_stm32.o(i.response_command_of_ESP32_handle)
    _get_lc_numeric                          0x08003ae5   Thumb Code    44  lc_numeric_c.o(locale$$code)
    _get_lc_ctype                            0x08003b11   Thumb Code    44  lc_ctype_c.o(locale$$code)
    _printf_fp_dec                           0x08003b3d   Thumb Code     4  printf1.o(x$fpl$printf1)
    _printf_fp_hex                           0x08003b41   Thumb Code     4  printf2.o(x$fpl$printf2)
    __I$use$fp                               0x08003b44   Number         0  usenofp.o(x$fpl$usenofp)
    AHBPrescTable                            0x08003b56   Data          16  system_stm32f1xx.o(.constdata)
    APBPrescTable                            0x08003b66   Data           8  system_stm32f1xx.o(.constdata)
    Region$$Table$$Base                      0x08003c6c   Number         0  anon$$obj.o(Region$$Table)
    Region$$Table$$Limit                     0x08003c8c   Number         0  anon$$obj.o(Region$$Table)
    __ctype                                  0x08003cb5   Data           0  lc_ctype_c.o(locale$$data)
    data_rx_ESP32                            0x20000000   Data           1  main.o(.data)
    uwTickFreq                               0x20000004   Data           1  stm32f1xx_hal.o(.data)
    uwTickPrio                               0x20000008   Data           4  stm32f1xx_hal.o(.data)
    uwTick                                   0x2000000c   Data           4  stm32f1xx_hal.o(.data)
    SystemCoreClock                          0x20000010   Data           4  system_stm32f1xx.o(.data)
    huart_print                              0x20000014   Data           4  response_cli.o(.data)
    uart_flag_success_receive_data           0x2000001c   Data           1  otaguess_stm32.o(.data)
    length_data_one_command_receive          0x2000001d   Data           1  otaguess_stm32.o(.data)
    num_segments                             0x2000001e   Data           1  otaguess_stm32.o(.data)
    path_of_data_frame                       0x2000001f   Data           1  otaguess_stm32.o(.data)
    length_one_line_command                  0x20000020   Data           1  otaguess_stm32.o(.data)
    record_type                              0x20000021   Data           1  otaguess_stm32.o(.data)
    flag_select_memory                       0x20000022   Data           1  otaguess_stm32.o(.data)
    poiter_addr_memory                       0x20000024   Data           4  otaguess_stm32.o(.data)
    minctx                                   0x20000028   Data           4  otaguess_stm32.o(.data)
    run_BL_handler                           0x2000002c   Data           4  bootloader.o(.data)
    huart1                                   0x20000030   Data          72  main.o(.bss)
    huart2                                   0x20000078   Data          72  main.o(.bss)
    min_ctx                                  0x200000c0   Data         516  main.o(.bss)
    pFlash                                   0x200002c8   Data          32  stm32f1xx_hal_flash.o(.bss)
    payloads_ring_buffer                     0x200002e8   Data        1024  min.o(.bss)
    buffer_receive_command                   0x200006e8   Data          40  otaguess_stm32.o(.bss)
    buff_data_push_flash                     0x20000710   Data          30  otaguess_stm32.o(.bss)
    __libspace_start                         0x20000730   Data          96  libspace.o(.bss)
    __temporary_stack_top$libspace           0x20000790   Data           0  libspace.o(.bss)



==============================================================================

Memory Map of the image

  Image Entry point : 0x080000ed

  Load Region LR_IROM1 (Base: 0x08000000, Size: 0x00003de8, Max: 0x00010000, ABSOLUTE)

    Execution Region ER_IROM1 (Exec base: 0x08000000, Load base: 0x08000000, Size: 0x00003db8, Max: 0x00010000, ABSOLUTE)

    Exec Addr    Load Addr    Size         Type   Attr      Idx    E Section Name        Object

    0x08000000   0x08000000   0x000000ec   Data   RO            3    RESET               startup_stm32f103xb.o
    0x080000ec   0x080000ec   0x00000008   Code   RO         2125  * !!!main             c_w.l(__main.o)
    0x080000f4   0x080000f4   0x00000034   Code   RO         2448    !!!scatter          c_w.l(__scatter.o)
    0x08000128   0x08000128   0x0000001a   Code   RO         2450    !!handler_copy      c_w.l(__scatter_copy.o)
    0x08000142   0x08000142   0x00000002   PAD
    0x08000144   0x08000144   0x0000001c   Code   RO         2452    !!handler_zi        c_w.l(__scatter_zi.o)
    0x08000160   0x08000160   0x00000000   Code   RO         2209    .ARM.Collect$$_printf_percent$$00000000  c_w.l(_printf_percent.o)
    0x08000160   0x08000160   0x00000006   Code   RO         2198    .ARM.Collect$$_printf_percent$$00000001  c_w.l(_printf_n.o)
    0x08000166   0x08000166   0x00000006   Code   RO         2200    .ARM.Collect$$_printf_percent$$00000002  c_w.l(_printf_p.o)
    0x0800016c   0x0800016c   0x00000006   Code   RO         2205    .ARM.Collect$$_printf_percent$$00000003  c_w.l(_printf_f.o)
    0x08000172   0x08000172   0x00000006   Code   RO         2206    .ARM.Collect$$_printf_percent$$00000004  c_w.l(_printf_e.o)
    0x08000178   0x08000178   0x00000006   Code   RO         2207    .ARM.Collect$$_printf_percent$$00000005  c_w.l(_printf_g.o)
    0x0800017e   0x0800017e   0x00000006   Code   RO         2208    .ARM.Collect$$_printf_percent$$00000006  c_w.l(_printf_a.o)
    0x08000184   0x08000184   0x0000000a   Code   RO         2213    .ARM.Collect$$_printf_percent$$00000007  c_w.l(_printf_ll.o)
    0x0800018e   0x0800018e   0x00000006   Code   RO         2202    .ARM.Collect$$_printf_percent$$00000008  c_w.l(_printf_i.o)
    0x08000194   0x08000194   0x00000006   Code   RO         2203    .ARM.Collect$$_printf_percent$$00000009  c_w.l(_printf_d.o)
    0x0800019a   0x0800019a   0x00000006   Code   RO         2204    .ARM.Collect$$_printf_percent$$0000000A  c_w.l(_printf_u.o)
    0x080001a0   0x080001a0   0x00000006   Code   RO         2201    .ARM.Collect$$_printf_percent$$0000000B  c_w.l(_printf_o.o)
    0x080001a6   0x080001a6   0x00000006   Code   RO         2199    .ARM.Collect$$_printf_percent$$0000000C  c_w.l(_printf_x.o)
    0x080001ac   0x080001ac   0x00000006   Code   RO         2210    .ARM.Collect$$_printf_percent$$0000000D  c_w.l(_printf_lli.o)
    0x080001b2   0x080001b2   0x00000006   Code   RO         2211    .ARM.Collect$$_printf_percent$$0000000E  c_w.l(_printf_lld.o)
    0x080001b8   0x080001b8   0x00000006   Code   RO         2212    .ARM.Collect$$_printf_percent$$0000000F  c_w.l(_printf_llu.o)
    0x080001be   0x080001be   0x00000006   Code   RO         2217    .ARM.Collect$$_printf_percent$$00000010  c_w.l(_printf_llo.o)
    0x080001c4   0x080001c4   0x00000006   Code   RO         2218    .ARM.Collect$$_printf_percent$$00000011  c_w.l(_printf_llx.o)
    0x080001ca   0x080001ca   0x0000000a   Code   RO         2214    .ARM.Collect$$_printf_percent$$00000012  c_w.l(_printf_l.o)
    0x080001d4   0x080001d4   0x00000006   Code   RO         2196    .ARM.Collect$$_printf_percent$$00000013  c_w.l(_printf_c.o)
    0x080001da   0x080001da   0x00000006   Code   RO         2197    .ARM.Collect$$_printf_percent$$00000014  c_w.l(_printf_s.o)
    0x080001e0   0x080001e0   0x00000006   Code   RO         2215    .ARM.Collect$$_printf_percent$$00000015  c_w.l(_printf_lc.o)
    0x080001e6   0x080001e6   0x00000006   Code   RO         2216    .ARM.Collect$$_printf_percent$$00000016  c_w.l(_printf_ls.o)
    0x080001ec   0x080001ec   0x00000004   Code   RO         2259    .ARM.Collect$$_printf_percent$$00000017  c_w.l(_printf_percent_end.o)
    0x080001f0   0x080001f0   0x00000002   Code   RO         2308    .ARM.Collect$$libinit$$00000000  c_w.l(libinit.o)
    0x080001f2   0x080001f2   0x00000000   Code   RO         2325    .ARM.Collect$$libinit$$00000002  c_w.l(libinit2.o)
    0x080001f2   0x080001f2   0x00000000   Code   RO         2327    .ARM.Collect$$libinit$$00000004  c_w.l(libinit2.o)
    0x080001f2   0x080001f2   0x00000000   Code   RO         2330    .ARM.Collect$$libinit$$0000000A  c_w.l(libinit2.o)
    0x080001f2   0x080001f2   0x00000000   Code   RO         2332    .ARM.Collect$$libinit$$0000000C  c_w.l(libinit2.o)
    0x080001f2   0x080001f2   0x00000000   Code   RO         2334    .ARM.Collect$$libinit$$0000000E  c_w.l(libinit2.o)
    0x080001f2   0x080001f2   0x00000006   Code   RO         2335    .ARM.Collect$$libinit$$0000000F  c_w.l(libinit2.o)
    0x080001f8   0x080001f8   0x00000000   Code   RO         2337    .ARM.Collect$$libinit$$00000011  c_w.l(libinit2.o)
    0x080001f8   0x080001f8   0x0000000c   Code   RO         2338    .ARM.Collect$$libinit$$00000012  c_w.l(libinit2.o)
    0x08000204   0x08000204   0x00000000   Code   RO         2339    .ARM.Collect$$libinit$$00000013  c_w.l(libinit2.o)
    0x08000204   0x08000204   0x00000000   Code   RO         2341    .ARM.Collect$$libinit$$00000015  c_w.l(libinit2.o)
    0x08000204   0x08000204   0x0000000a   Code   RO         2342    .ARM.Collect$$libinit$$00000016  c_w.l(libinit2.o)
    0x0800020e   0x0800020e   0x00000000   Code   RO         2343    .ARM.Collect$$libinit$$00000017  c_w.l(libinit2.o)
    0x0800020e   0x0800020e   0x00000000   Code   RO         2345    .ARM.Collect$$libinit$$00000019  c_w.l(libinit2.o)
    0x0800020e   0x0800020e   0x00000000   Code   RO         2347    .ARM.Collect$$libinit$$0000001B  c_w.l(libinit2.o)
    0x0800020e   0x0800020e   0x00000000   Code   RO         2349    .ARM.Collect$$libinit$$0000001D  c_w.l(libinit2.o)
    0x0800020e   0x0800020e   0x00000000   Code   RO         2351    .ARM.Collect$$libinit$$0000001F  c_w.l(libinit2.o)
    0x0800020e   0x0800020e   0x00000000   Code   RO         2353    .ARM.Collect$$libinit$$00000021  c_w.l(libinit2.o)
    0x0800020e   0x0800020e   0x00000000   Code   RO         2355    .ARM.Collect$$libinit$$00000023  c_w.l(libinit2.o)
    0x0800020e   0x0800020e   0x00000000   Code   RO         2357    .ARM.Collect$$libinit$$00000025  c_w.l(libinit2.o)
    0x0800020e   0x0800020e   0x00000000   Code   RO         2361    .ARM.Collect$$libinit$$0000002C  c_w.l(libinit2.o)
    0x0800020e   0x0800020e   0x00000000   Code   RO         2363    .ARM.Collect$$libinit$$0000002E  c_w.l(libinit2.o)
    0x0800020e   0x0800020e   0x00000000   Code   RO         2365    .ARM.Collect$$libinit$$00000030  c_w.l(libinit2.o)
    0x0800020e   0x0800020e   0x00000000   Code   RO         2367    .ARM.Collect$$libinit$$00000032  c_w.l(libinit2.o)
    0x0800020e   0x0800020e   0x00000002   Code   RO         2368    .ARM.Collect$$libinit$$00000033  c_w.l(libinit2.o)
    0x08000210   0x08000210   0x00000002   Code   RO         2388    .ARM.Collect$$libshutdown$$00000000  c_w.l(libshutdown.o)
    0x08000212   0x08000212   0x00000000   Code   RO         2401    .ARM.Collect$$libshutdown$$00000002  c_w.l(libshutdown2.o)
    0x08000212   0x08000212   0x00000000   Code   RO         2403    .ARM.Collect$$libshutdown$$00000004  c_w.l(libshutdown2.o)
    0x08000212   0x08000212   0x00000000   Code   RO         2406    .ARM.Collect$$libshutdown$$00000007  c_w.l(libshutdown2.o)
    0x08000212   0x08000212   0x00000000   Code   RO         2409    .ARM.Collect$$libshutdown$$0000000A  c_w.l(libshutdown2.o)
    0x08000212   0x08000212   0x00000000   Code   RO         2411    .ARM.Collect$$libshutdown$$0000000C  c_w.l(libshutdown2.o)
    0x08000212   0x08000212   0x00000000   Code   RO         2414    .ARM.Collect$$libshutdown$$0000000F  c_w.l(libshutdown2.o)
    0x08000212   0x08000212   0x00000002   Code   RO         2415    .ARM.Collect$$libshutdown$$00000010  c_w.l(libshutdown2.o)
    0x08000214   0x08000214   0x00000000   Code   RO         2127    .ARM.Collect$$rtentry$$00000000  c_w.l(__rtentry.o)
    0x08000214   0x08000214   0x00000000   Code   RO         2230    .ARM.Collect$$rtentry$$00000002  c_w.l(__rtentry2.o)
    0x08000214   0x08000214   0x00000006   Code   RO         2242    .ARM.Collect$$rtentry$$00000004  c_w.l(__rtentry4.o)
    0x0800021a   0x0800021a   0x00000000   Code   RO         2232    .ARM.Collect$$rtentry$$00000009  c_w.l(__rtentry2.o)
    0x0800021a   0x0800021a   0x00000004   Code   RO         2233    .ARM.Collect$$rtentry$$0000000A  c_w.l(__rtentry2.o)
    0x0800021e   0x0800021e   0x00000000   Code   RO         2235    .ARM.Collect$$rtentry$$0000000C  c_w.l(__rtentry2.o)
    0x0800021e   0x0800021e   0x00000008   Code   RO         2236    .ARM.Collect$$rtentry$$0000000D  c_w.l(__rtentry2.o)
    0x08000226   0x08000226   0x00000002   Code   RO         2317    .ARM.Collect$$rtexit$$00000000  c_w.l(rtexit.o)
    0x08000228   0x08000228   0x00000000   Code   RO         2370    .ARM.Collect$$rtexit$$00000002  c_w.l(rtexit2.o)
    0x08000228   0x08000228   0x00000004   Code   RO         2371    .ARM.Collect$$rtexit$$00000003  c_w.l(rtexit2.o)
    0x0800022c   0x0800022c   0x00000006   Code   RO         2372    .ARM.Collect$$rtexit$$00000004  c_w.l(rtexit2.o)
    0x08000232   0x08000232   0x00000002   PAD
    0x08000234   0x08000234   0x00000040   Code   RO            4    .text               startup_stm32f103xb.o
    0x08000274   0x08000274   0x00000026   Code   RO         2111    .text               c_w.l(llushr.o)
    0x0800029a   0x0800029a   0x00000002   PAD
    0x0800029c   0x0800029c   0x00000024   Code   RO         2113    .text               c_w.l(vsprintf.o)
    0x080002c0   0x080002c0   0x0000003e   Code   RO         2115    .text               c_w.l(strlen.o)
    0x080002fe   0x080002fe   0x0000008a   Code   RO         2117    .text               c_w.l(rt_memcpy_v6.o)
    0x08000388   0x08000388   0x00000044   Code   RO         2119    .text               c_w.l(rt_memclr.o)
    0x080003cc   0x080003cc   0x0000004e   Code   RO         2121    .text               c_w.l(rt_memclr_w.o)
    0x0800041a   0x0800041a   0x00000006   Code   RO         2123    .text               c_w.l(heapauxi.o)
    0x08000420   0x08000420   0x0000004e   Code   RO         2130    .text               c_w.l(_printf_pad.o)
    0x0800046e   0x0800046e   0x00000024   Code   RO         2132    .text               c_w.l(_printf_truncate.o)
    0x08000492   0x08000492   0x00000052   Code   RO         2134    .text               c_w.l(_printf_str.o)
    0x080004e4   0x080004e4   0x00000078   Code   RO         2136    .text               c_w.l(_printf_dec.o)
    0x0800055c   0x0800055c   0x00000028   Code   RO         2138    .text               c_w.l(_printf_charcount.o)
    0x08000584   0x08000584   0x00000030   Code   RO         2140    .text               c_w.l(_printf_char_common.o)
    0x080005b4   0x080005b4   0x0000000a   Code   RO         2142    .text               c_w.l(_sputc.o)
    0x080005be   0x080005be   0x00000002   PAD
    0x080005c0   0x080005c0   0x000000bc   Code   RO         2144    .text               c_w.l(_printf_wctomb.o)
    0x0800067c   0x0800067c   0x0000007c   Code   RO         2147    .text               c_w.l(_printf_longlong_dec.o)
    0x080006f8   0x080006f8   0x00000070   Code   RO         2153    .text               c_w.l(_printf_oct_int_ll.o)
    0x08000768   0x08000768   0x00000094   Code   RO         2173    .text               c_w.l(_printf_hex_int_ll_ptr.o)
    0x080007fc   0x080007fc   0x00000188   Code   RO         2193    .text               c_w.l(__printf_flags_ss_wp.o)
    0x08000984   0x08000984   0x00000064   Code   RO         2219    .text               c_w.l(rt_memcpy_w.o)
    0x080009e8   0x080009e8   0x0000008a   Code   RO         2244    .text               c_w.l(lludiv10.o)
    0x08000a72   0x08000a72   0x000000b2   Code   RO         2246    .text               c_w.l(_printf_intcommon.o)
    0x08000b24   0x08000b24   0x0000041e   Code   RO         2248    .text               c_w.l(_printf_fp_dec.o)
    0x08000f42   0x08000f42   0x00000002   PAD
    0x08000f44   0x08000f44   0x000002fc   Code   RO         2250    .text               c_w.l(_printf_fp_hex.o)
    0x08001240   0x08001240   0x0000002c   Code   RO         2255    .text               c_w.l(_printf_char.o)
    0x0800126c   0x0800126c   0x0000002c   Code   RO         2257    .text               c_w.l(_printf_wchar.o)
    0x08001298   0x08001298   0x00000040   Code   RO         2260    .text               c_w.l(_wcrtomb.o)
    0x080012d8   0x080012d8   0x0000004a   Code   RO         2262    .text               c_w.l(sys_stackheap_outer.o)
    0x08001322   0x08001322   0x00000002   PAD
    0x08001324   0x08001324   0x00000010   Code   RO         2264    .text               c_w.l(rt_ctype_table.o)
    0x08001334   0x08001334   0x00000008   Code   RO         2269    .text               c_w.l(rt_locale_intlibspace.o)
    0x0800133c   0x0800133c   0x00000080   Code   RO         2271    .text               c_w.l(_printf_fp_infnan.o)
    0x080013bc   0x080013bc   0x000000e4   Code   RO         2273    .text               c_w.l(bigflt0.o)
    0x080014a0   0x080014a0   0x00000012   Code   RO         2301    .text               c_w.l(exit.o)
    0x080014b2   0x080014b2   0x00000002   PAD
    0x080014b4   0x080014b4   0x00000008   Code   RO         2314    .text               c_w.l(libspace.o)
    0x080014bc   0x080014bc   0x00000080   Code   RO         2322    .text               c_w.l(strcmpv7m.o)
    0x0800153c   0x0800153c   0x0000000c   Code   RO         2380    .text               c_w.l(sys_exit.o)
    0x08001548   0x08001548   0x00000002   Code   RO         2391    .text               c_w.l(use_no_semi.o)
    0x0800154a   0x0800154a   0x00000000   Code   RO         2393    .text               c_w.l(indicate_semi.o)
    0x0800154a   0x0800154a   0x0000003e   Code   RO         2276    CL$$btod_d2e        c_w.l(btod.o)
    0x08001588   0x08001588   0x00000046   Code   RO         2278    CL$$btod_d2e_denorm_low  c_w.l(btod.o)
    0x080015ce   0x080015ce   0x00000060   Code   RO         2277    CL$$btod_d2e_norm_op1  c_w.l(btod.o)
    0x0800162e   0x0800162e   0x00000338   Code   RO         2286    CL$$btod_div_common  c_w.l(btod.o)
    0x08001966   0x08001966   0x000000dc   Code   RO         2283    CL$$btod_e2e        c_w.l(btod.o)
    0x08001a42   0x08001a42   0x0000002a   Code   RO         2280    CL$$btod_ediv       c_w.l(btod.o)
    0x08001a6c   0x08001a6c   0x0000002a   Code   RO         2279    CL$$btod_emul       c_w.l(btod.o)
    0x08001a96   0x08001a96   0x00000244   Code   RO         2285    CL$$btod_mult_common  c_w.l(btod.o)
    0x08001cda   0x08001cda   0x00000002   Code   RO          175    i.BusFault_Handler  stm32f1xx_it.o
    0x08001cdc   0x08001cdc   0x00000002   Code   RO          176    i.DebugMon_Handler  stm32f1xx_it.o
    0x08001cde   0x08001cde   0x00000002   PAD
    0x08001ce0   0x08001ce0   0x00000024   Code   RO         1554    i.FLASH_MassErase   stm32f1xx_hal_flash_ex.o
    0x08001d04   0x08001d04   0x00000024   Code   RO         1559    i.FLASH_PageErase   stm32f1xx_hal_flash_ex.o
    0x08001d28   0x08001d28   0x0000001c   Code   RO         1451    i.FLASH_Program_HalfWord  stm32f1xx_hal_flash.o
    0x08001d44   0x08001d44   0x0000005c   Code   RO         1452    i.FLASH_SetErrorCode  stm32f1xx_hal_flash.o
    0x08001da0   0x08001da0   0x00000054   Code   RO         1453    i.FLASH_WaitForLastOperation  stm32f1xx_hal_flash.o
    0x08001df4   0x08001df4   0x00000028   Code   RO         1976    i.Flash_erase       flashstm32.o
    0x08001e1c   0x08001e1c   0x00000004   Code   RO         1979    i.Flash_read_int    flashstm32.o
    0x08001e20   0x08001e20   0x00000064   Code   RO         1982    i.Flash_write_array  flashstm32.o
    0x08001e84   0x08001e84   0x0000001e   Code   RO         1984    i.Flash_write_int   flashstm32.o
    0x08001ea2   0x08001ea2   0x00000046   Code   RO         1115    i.HAL_DMA_Abort     stm32f1xx_hal_dma.o
    0x08001ee8   0x08001ee8   0x00000098   Code   RO         1116    i.HAL_DMA_Abort_IT  stm32f1xx_hal_dma.o
    0x08001f80   0x08001f80   0x00000020   Code   RO          740    i.HAL_DeInit        stm32f1xx_hal.o
    0x08001fa0   0x08001fa0   0x000000a8   Code   RO         1560    i.HAL_FLASHEx_Erase  stm32f1xx_hal_flash_ex.o
    0x08002048   0x08002048   0x00000014   Code   RO         1457    i.HAL_FLASH_Lock    stm32f1xx_hal_flash.o
    0x0800205c   0x0800205c   0x00000080   Code   RO         1462    i.HAL_FLASH_Program  stm32f1xx_hal_flash.o
    0x080020dc   0x080020dc   0x00000028   Code   RO         1464    i.HAL_FLASH_Unlock  stm32f1xx_hal_flash.o
    0x08002104   0x08002104   0x000001e0   Code   RO         1051    i.HAL_GPIO_Init     stm32f1xx_hal_gpio.o
    0x080022e4   0x080022e4   0x0000000c   Code   RO          745    i.HAL_GetTick       stm32f1xx_hal.o
    0x080022f0   0x080022f0   0x00000010   Code   RO          751    i.HAL_IncTick       stm32f1xx_hal.o
    0x08002300   0x08002300   0x00000024   Code   RO          752    i.HAL_Init          stm32f1xx_hal.o
    0x08002324   0x08002324   0x00000040   Code   RO          753    i.HAL_InitTick      stm32f1xx_hal.o
    0x08002364   0x08002364   0x00000002   Code   RO          754    i.HAL_MspDeInit     stm32f1xx_hal.o
    0x08002366   0x08002366   0x00000002   PAD
    0x08002368   0x08002368   0x0000003c   Code   RO          263    i.HAL_MspInit       stm32f1xx_hal_msp.o
    0x080023a4   0x080023a4   0x0000001a   Code   RO         1211    i.HAL_NVIC_EnableIRQ  stm32f1xx_hal_cortex.o
    0x080023be   0x080023be   0x00000002   PAD
    0x080023c0   0x080023c0   0x00000040   Code   RO         1217    i.HAL_NVIC_SetPriority  stm32f1xx_hal_cortex.o
    0x08002400   0x08002400   0x00000024   Code   RO         1218    i.HAL_NVIC_SetPriorityGrouping  stm32f1xx_hal_cortex.o
    0x08002424   0x08002424   0x0000012c   Code   RO          909    i.HAL_RCC_ClockConfig  stm32f1xx_hal_rcc.o
    0x08002550   0x08002550   0x000000dc   Code   RO          910    i.HAL_RCC_DeInit    stm32f1xx_hal_rcc.o
    0x0800262c   0x0800262c   0x00000020   Code   RO          916    i.HAL_RCC_GetPCLK1Freq  stm32f1xx_hal_rcc.o
    0x0800264c   0x0800264c   0x00000020   Code   RO          917    i.HAL_RCC_GetPCLK2Freq  stm32f1xx_hal_rcc.o
    0x0800266c   0x0800266c   0x0000004c   Code   RO          918    i.HAL_RCC_GetSysClockFreq  stm32f1xx_hal_rcc.o
    0x080026b8   0x080026b8   0x00000320   Code   RO          921    i.HAL_RCC_OscConfig  stm32f1xx_hal_rcc.o
    0x080029d8   0x080029d8   0x00000028   Code   RO         1222    i.HAL_SYSTICK_Config  stm32f1xx_hal_cortex.o
    0x08002a00   0x08002a00   0x00000002   Code   RO          383    i.HAL_UARTEx_RxEventCallback  stm32f1xx_hal_uart.o
    0x08002a02   0x08002a02   0x00000002   Code   RO          397    i.HAL_UART_ErrorCallback  stm32f1xx_hal_uart.o
    0x08002a04   0x08002a04   0x0000026c   Code   RO          400    i.HAL_UART_IRQHandler  stm32f1xx_hal_uart.o
    0x08002c70   0x08002c70   0x00000064   Code   RO          401    i.HAL_UART_Init     stm32f1xx_hal_uart.o
    0x08002cd4   0x08002cd4   0x000000d8   Code   RO          265    i.HAL_UART_MspInit  stm32f1xx_hal_msp.o
    0x08002dac   0x08002dac   0x0000001c   Code   RO          406    i.HAL_UART_Receive_IT  stm32f1xx_hal_uart.o
    0x08002dc8   0x08002dc8   0x00000030   Code   RO           14    i.HAL_UART_RxCpltCallback  main.o
    0x08002df8   0x08002df8   0x000000a0   Code   RO          409    i.HAL_UART_Transmit  stm32f1xx_hal_uart.o
    0x08002e98   0x08002e98   0x00000002   Code   RO          412    i.HAL_UART_TxCpltCallback  stm32f1xx_hal_uart.o
    0x08002e9a   0x08002e9a   0x00000002   Code   RO          177    i.HardFault_Handler  stm32f1xx_it.o
    0x08002e9c   0x08002e9c   0x00000002   Code   RO          178    i.MemManage_Handler  stm32f1xx_it.o
    0x08002e9e   0x08002e9e   0x00000002   Code   RO          179    i.NMI_Handler       stm32f1xx_it.o
    0x08002ea0   0x08002ea0   0x00000002   Code   RO          180    i.PendSV_Handler    stm32f1xx_it.o
    0x08002ea2   0x08002ea2   0x00000002   Code   RO          181    i.SVC_Handler       stm32f1xx_it.o
    0x08002ea4   0x08002ea4   0x00000004   Code   RO          182    i.SysTick_Handler   stm32f1xx_it.o
    0x08002ea8   0x08002ea8   0x0000005e   Code   RO           15    i.SystemClock_Config  main.o
    0x08002f06   0x08002f06   0x00000002   Code   RO         1712    i.SystemInit        system_stm32f1xx.o
    0x08002f08   0x08002f08   0x00000010   Code   RO          414    i.UART_DMAAbortOnError  stm32f1xx_hal_uart.o
    0x08002f18   0x08002f18   0x0000004e   Code   RO          424    i.UART_EndRxTransfer  stm32f1xx_hal_uart.o
    0x08002f66   0x08002f66   0x000000c2   Code   RO          426    i.UART_Receive_IT   stm32f1xx_hal_uart.o
    0x08003028   0x08003028   0x000000b8   Code   RO          427    i.UART_SetConfig    stm32f1xx_hal_uart.o
    0x080030e0   0x080030e0   0x00000036   Code   RO          429    i.UART_Start_Receive_IT  stm32f1xx_hal_uart.o
    0x08003116   0x08003116   0x00000072   Code   RO          430    i.UART_WaitOnFlagUntilTimeout  stm32f1xx_hal_uart.o
    0x08003188   0x08003188   0x0000000c   Code   RO          183    i.USART1_IRQHandler  stm32f1xx_it.o
    0x08003194   0x08003194   0x0000000c   Code   RO          184    i.USART2_IRQHandler  stm32f1xx_it.o
    0x080031a0   0x080031a0   0x00000002   Code   RO          185    i.UsageFault_Handler  stm32f1xx_it.o
    0x080031a2   0x080031a2   0x00000028   Code   RO         2312    i.__ARM_fpclassify  m_ws.l(fpclassify.o)
    0x080031ca   0x080031ca   0x00000020   Code   RO         1224    i.__NVIC_SetPriority  stm32f1xx_hal_cortex.o
    0x080031ea   0x080031ea   0x0000000e   Code   RO         2186    i._is_digit         c_w.l(__printf_wp.o)
    0x080031f8   0x080031f8   0x00000030   Code   RO         2078    i.bootLoader_handler  bootloader.o
    0x08003228   0x08003228   0x00000028   Code   RO         1782    i.crc32_step        min.o
    0x08003250   0x08003250   0x00000010   Code   RO         1876    i.initMin           otaguess_stm32.o
    0x08003260   0x08003260   0x000000c0   Code   RO           16    i.main              main.o
    0x08003320   0x08003320   0x0000018c   Code   RO         1877    i.min_application_handler  otaguess_stm32.o
    0x080034ac   0x080034ac   0x0000002a   Code   RO         1783    i.min_init_context  min.o
    0x080034d6   0x080034d6   0x00000002   PAD
    0x080034d8   0x080034d8   0x00000124   Code   RO         1784    i.min_poll          min.o
    0x080035fc   0x080035fc   0x00000036   Code   RO         1787    i.min_send_frame    min.o
    0x08003632   0x08003632   0x00000004   Code   RO         1878    i.min_time_ms       otaguess_stm32.o
    0x08003636   0x08003636   0x00000002   PAD
    0x08003638   0x08003638   0x00000014   Code   RO         1879    i.min_tx_byte       otaguess_stm32.o
    0x0800364c   0x0800364c   0x00000002   Code   RO         1880    i.min_tx_finished   otaguess_stm32.o
    0x0800364e   0x0800364e   0x00000006   Code   RO         1881    i.min_tx_space      otaguess_stm32.o
    0x08003654   0x08003654   0x00000002   Code   RO         1882    i.min_tx_start      otaguess_stm32.o
    0x08003656   0x08003656   0x00000002   PAD
    0x08003658   0x08003658   0x000000d0   Code   RO         1789    i.on_wire_bytes     min.o
    0x08003728   0x08003728   0x00000028   Code   RO         1883    i.ota_send_response  otaguess_stm32.o
    0x08003750   0x08003750   0x0000002c   Code   RO         1884    i.receiveData_From_ESP32  otaguess_stm32.o
    0x0800377c   0x0800377c   0x0000000c   Code   RO         1749    i.responseInit      response_cli.o
    0x08003788   0x08003788   0x00000030   Code   RO         1750    i.responsePrint     response_cli.o
    0x080037b8   0x080037b8   0x00000014   Code   RO         1885    i.response_command_of_ESP32_handle  otaguess_stm32.o
    0x080037cc   0x080037cc   0x00000132   Code   RO         1790    i.rx_byte           min.o
    0x080038fe   0x080038fe   0x00000002   PAD
    0x08003900   0x08003900   0x00000038   Code   RO         1791    i.send_ack          min.o
    0x08003938   0x08003938   0x00000042   Code   RO         1792    i.stuffed_tx_byte   min.o
    0x0800397a   0x0800397a   0x00000002   PAD
    0x0800397c   0x0800397c   0x00000038   Code   RO         1794    i.transport_fifo_reset  min.o
    0x080039b4   0x080039b4   0x00000030   Code   RO         1795    i.transport_fifo_send  min.o
    0x080039e4   0x080039e4   0x00000100   Code   RO         1796    i.valid_frame_received  min.o
    0x08003ae4   0x08003ae4   0x0000002c   Code   RO         2299    locale$$code        c_w.l(lc_numeric_c.o)
    0x08003b10   0x08003b10   0x0000002c   Code   RO         2320    locale$$code        c_w.l(lc_ctype_c.o)
    0x08003b3c   0x08003b3c   0x00000004   Code   RO         2221    x$fpl$printf1       fz_ws.l(printf1.o)
    0x08003b40   0x08003b40   0x00000004   Code   RO         2223    x$fpl$printf2       fz_ws.l(printf2.o)
    0x08003b44   0x08003b44   0x00000000   Code   RO         2311    x$fpl$usenofp       fz_ws.l(usenofp.o)
    0x08003b44   0x08003b44   0x00000012   Data   RO          922    .constdata          stm32f1xx_hal_rcc.o
    0x08003b56   0x08003b56   0x00000010   Data   RO         1713    .constdata          system_stm32f1xx.o
    0x08003b66   0x08003b66   0x00000008   Data   RO         1714    .constdata          system_stm32f1xx.o
    0x08003b6e   0x08003b6e   0x00000002   PAD
    0x08003b70   0x08003b70   0x00000008   Data   RO         2145    .constdata          c_w.l(_printf_wctomb.o)
    0x08003b78   0x08003b78   0x00000028   Data   RO         2174    .constdata          c_w.l(_printf_hex_int_ll_ptr.o)
    0x08003ba0   0x08003ba0   0x00000011   Data   RO         2194    .constdata          c_w.l(__printf_flags_ss_wp.o)
    0x08003bb1   0x08003bb1   0x00000026   Data   RO         2251    .constdata          c_w.l(_printf_fp_hex.o)
    0x08003bd7   0x08003bd7   0x00000001   PAD
    0x08003bd8   0x08003bd8   0x00000094   Data   RO         2274    .constdata          c_w.l(bigflt0.o)
    0x08003c6c   0x08003c6c   0x00000020   Data   RO         2446    Region$$Table       anon$$obj.o
    0x08003c8c   0x08003c8c   0x0000001c   Data   RO         2298    locale$$data        c_w.l(lc_numeric_c.o)
    0x08003ca8   0x08003ca8   0x00000110   Data   RO         2319    locale$$data        c_w.l(lc_ctype_c.o)


    Execution Region RW_IRAM1 (Exec base: 0x20000000, Load base: 0x08003db8, Size: 0x00000d90, Max: 0x00005000, ABSOLUTE)

    Exec Addr    Load Addr    Size         Type   Attr      Idx    E Section Name        Object

    0x20000000   0x08003db8   0x00000001   Data   RW           18    .data               main.o
    0x20000001   0x08003db9   0x00000003   PAD
    0x20000004   0x08003dbc   0x0000000c   Data   RW          759    .data               stm32f1xx_hal.o
    0x20000010   0x08003dc8   0x00000004   Data   RW         1715    .data               system_stm32f1xx.o
    0x20000014   0x08003dcc   0x00000004   Data   RW         1751    .data               response_cli.o
    0x20000018   0x08003dd0   0x00000004   Data   RW         1798    .data               min.o
    0x2000001c   0x08003dd4   0x00000010   Data   RW         1888    .data               otaguess_stm32.o
    0x2000002c   0x08003de4   0x00000004   Data   RW         2079    .data               bootloader.o
    0x20000030        -       0x00000294   Zero   RW           17    .bss                main.o
    0x200002c4   0x08003de8   0x00000004   PAD
    0x200002c8        -       0x00000020   Zero   RW         1465    .bss                stm32f1xx_hal_flash.o
    0x200002e8        -       0x00000400   Zero   RW         1797    .bss                min.o
    0x200006e8        -       0x00000046   Zero   RW         1886    .bss                otaguess_stm32.o
    0x2000072e   0x08003de8   0x00000002   PAD
    0x20000730        -       0x00000060   Zero   RW         2315    .bss                c_w.l(libspace.o)
    0x20000790        -       0x00000200   Zero   RW            2    HEAP                startup_stm32f103xb.o
    0x20000990        -       0x00000400   Zero   RW            1    STACK               startup_stm32f103xb.o


==============================================================================

Image component sizes


      Code (inc. data)   RO Data    RW Data    ZI Data      Debug   Object Name

        48          8          0          4          0       4858   bootloader.o
       174         22          0          0          0       3148   flashstm32.o
       334         40          0          1        660     406919   main.o
      1424         42          0          4       1024      10226   min.o
       550         92          0         16         70      32195   otaguess_stm32.o
        60         12          0          4          0       2325   response_cli.o
        64         26        236          0       1536        804   startup_stm32f103xb.o
       162         30          0         12          0       6246   stm32f1xx_hal.o
       198         14          0          0          0      28907   stm32f1xx_hal_cortex.o
       222          4          0          0          0       1747   stm32f1xx_hal_dma.o
       392         46          0          0         32       4674   stm32f1xx_hal_flash.o
       240         26          0          0          0       3221   stm32f1xx_hal_flash_ex.o
       480         34          0          0          0       2248   stm32f1xx_hal_gpio.o
       276         26          0          0          0       1685   stm32f1xx_hal_msp.o
      1460        102         18          0          0       5845   stm32f1xx_hal_rcc.o
      1554         10          0          0          0      10864   stm32f1xx_hal_uart.o
        44         12          0          0          0       4662   stm32f1xx_it.o
         2          0         24          4          0       1095   system_stm32f1xx.o

    ----------------------------------------------------------------------
      7700        546        312         48       3328     531669   Object Totals
         0          0         32          0          0          0   (incl. Generated)
        16          0          2          3          6          0   (incl. Padding)

    ----------------------------------------------------------------------

      Code (inc. data)   RO Data    RW Data    ZI Data      Debug   Library Member Name

         8          0          0          0          0         68   __main.o
       392          4         17          0          0         92   __printf_flags_ss_wp.o
        14          0          0          0          0         68   __printf_wp.o
         0          0          0          0          0          0   __rtentry.o
        12          0          0          0          0          0   __rtentry2.o
         6          0          0          0          0          0   __rtentry4.o
        52          8          0          0          0          0   __scatter.o
        26          0          0          0          0          0   __scatter_copy.o
        28          0          0          0          0          0   __scatter_zi.o
         6          0          0          0          0          0   _printf_a.o
         6          0          0          0          0          0   _printf_c.o
        44          0          0          0          0        108   _printf_char.o
        48          6          0          0          0         96   _printf_char_common.o
        40          0          0          0          0         68   _printf_charcount.o
         6          0          0          0          0          0   _printf_d.o
       120         16          0          0          0         92   _printf_dec.o
         6          0          0          0          0          0   _printf_e.o
         6          0          0          0          0          0   _printf_f.o
      1054          0          0          0          0        216   _printf_fp_dec.o
       764          8         38          0          0        100   _printf_fp_hex.o
       128         16          0          0          0         84   _printf_fp_infnan.o
         6          0          0          0          0          0   _printf_g.o
       148          4         40          0          0        160   _printf_hex_int_ll_ptr.o
         6          0          0          0          0          0   _printf_i.o
       178          0          0          0          0         88   _printf_intcommon.o
        10          0          0          0          0          0   _printf_l.o
         6          0          0          0          0          0   _printf_lc.o
        10          0          0          0          0          0   _printf_ll.o
         6          0          0          0          0          0   _printf_lld.o
         6          0          0          0          0          0   _printf_lli.o
         6          0          0          0          0          0   _printf_llo.o
         6          0          0          0          0          0   _printf_llu.o
         6          0          0          0          0          0   _printf_llx.o
       124         16          0          0          0         92   _printf_longlong_dec.o
         6          0          0          0          0          0   _printf_ls.o
         6          0          0          0          0          0   _printf_n.o
         6          0          0          0          0          0   _printf_o.o
       112         10          0          0          0        124   _printf_oct_int_ll.o
         6          0          0          0          0          0   _printf_p.o
        78          0          0          0          0        108   _printf_pad.o
         0          0          0          0          0          0   _printf_percent.o
         4          0          0          0          0          0   _printf_percent_end.o
         6          0          0          0          0          0   _printf_s.o
        82          0          0          0          0         80   _printf_str.o
        36          0          0          0          0         84   _printf_truncate.o
         6          0          0          0          0          0   _printf_u.o
        44          0          0          0          0        108   _printf_wchar.o
       188          6          8          0          0         92   _printf_wctomb.o
         6          0          0          0          0          0   _printf_x.o
        10          0          0          0          0         68   _sputc.o
        64          0          0          0          0         92   _wcrtomb.o
       228          4        148          0          0         96   bigflt0.o
      1936        128          0          0          0        672   btod.o
        18          0          0          0          0         80   exit.o
         6          0          0          0          0        152   heapauxi.o
         0          0          0          0          0          0   indicate_semi.o
        44         10        272          0          0         76   lc_ctype_c.o
        44         10         28          0          0         76   lc_numeric_c.o
         2          0          0          0          0          0   libinit.o
        30          0          0          0          0          0   libinit2.o
         2          0          0          0          0          0   libshutdown.o
         2          0          0          0          0          0   libshutdown2.o
         8          4          0          0         96         68   libspace.o
       138          0          0          0          0         80   lludiv10.o
        38          0          0          0          0         68   llushr.o
        16          4          0          0          0         76   rt_ctype_table.o
         8          4          0          0          0         68   rt_locale_intlibspace.o
        68          0          0          0          0         68   rt_memclr.o
        78          0          0          0          0         80   rt_memclr_w.o
       138          0          0          0          0         68   rt_memcpy_v6.o
       100          0          0          0          0         80   rt_memcpy_w.o
         2          0          0          0          0          0   rtexit.o
        10          0          0          0          0          0   rtexit2.o
       128          0          0          0          0         68   strcmpv7m.o
        62          0          0          0          0         76   strlen.o
        12          4          0          0          0         68   sys_exit.o
        74          0          0          0          0         80   sys_stackheap_outer.o
         2          0          0          0          0         68   use_no_semi.o
        36          4          0          0          0         76   vsprintf.o
         4          0          0          0          0         68   printf1.o
         4          0          0          0          0         68   printf2.o
         0          0          0          0          0          0   usenofp.o
        40          0          0          0          0         68   fpclassify.o

    ----------------------------------------------------------------------
      7236        266        552          0         96       4536   Library Totals
        14          0          1          0          0          0   (incl. Padding)

    ----------------------------------------------------------------------

      Code (inc. data)   RO Data    RW Data    ZI Data      Debug   Library Name

      7174        266        551          0         96       4332   c_w.l
         8          0          0          0          0        136   fz_ws.l
        40          0          0          0          0         68   m_ws.l

    ----------------------------------------------------------------------
      7236        266        552          0         96       4536   Library Totals

    ----------------------------------------------------------------------

==============================================================================


      Code (inc. data)   RO Data    RW Data    ZI Data      Debug   

     14936        812        864         48       3424     529441   Grand Totals
     14936        812        864         48       3424     529441   ELF Image Totals
     14936        812        864         48          0          0   ROM Totals

==============================================================================

    Total RO  Size (Code + RO Data)                15800 (  15.43kB)
    Total RW  Size (RW Data + ZI Data)              3472 (   3.39kB)
    Total ROM Size (Code + RO Data + RW Data)      15848 (  15.48kB)

==============================================================================

